******************************************************************************
                  TI ARM Linker Unix v5.2.4                    
******************************************************************************
>> Linked Mon Dec 14 18:27:33 2015

OUTPUT FILE NAME:   <rtos_rom.xem3>
ENTRY POINT SYMBOL: "_c_int00"  address: 000020f5


MEMORY CONFIGURATION

         name            origin    length      used     unused   attr    fill
----------------------  --------  ---------  --------  --------  ----  --------
  VECS                  00000000   00001000  0000003c  00000fc4  R  X
  RTOS_FLASH            00001000   00000700  000004ca  00000236  R  X
  FLASH                 00001700   0001e100  000013f0  0001cd10  R  X
  FLASH_CCFG            0001ffa8   00000058  00000058  00000000  R  X
  RTOS_ROM              1001a000   00002c00  00002a92  0000016e  R  X
  VRAM                  20000000   00000100  000000dc  00000024  RW X
  RTOS_SRAM             20000100   00000500  00000104  000003fc  RW X
  SRAM                  20000600   00004a00  00001c20  00002de0  RW X


SEGMENT ALLOCATION MAP

run origin  load origin   length   init length attrs members
----------  ----------- ---------- ----------- ----- -------
00000000    00000000    0000003c   0000003c    r--
  00000000    00000000    0000003c   0000003c    r-- .resetVecs
00001000    00001000    000004cc   000004cc    r--
  00001000    00001000    0000040f   0000040f    r-- .sysbios_rom_const
  00001410    00001410    0000006b   0000006b    r-- .sysbios_rom_const
  0000147c    0000147c    00000030   00000030    r-- .sysbios_rom_const
  000014ac    000014ac    00000020   00000020    r-- .sysbios_rom_const
00001700    00001700    000013f0   000013f0    r-x
  00001700    00001700    00000e20   00000e20    r-x .text
  00002520    00002520    000002fc   000002fc    r-x .bigc_text
  0000281c    0000281c    0000024c   0000024c    r-x .mangled_apis_text
  00002a68    00002a68    00000088   00000088    r-- .const
0001ffa8    0001ffa8    00000058   00000058    r--
  0001ffa8    0001ffa8    00000058   00000058    r-- .ccfg
1001a000    1001a000    00002a92   00002a92    r-x
  1001a000    1001a000    00002300   00002300    r-x .sysbios_rom_text
  1001c300    1001c300    00000584   00000584    r-x .sysbios_rom_text
  1001c884    1001c884    000001dc   000001dc    r-x .sysbios_rom_text
  1001ca60    1001ca60    0000002e   0000002e    r-x .sysbios_rom_text
  1001ca8e    1001ca8e    00000004   00000004    r-x .sysbios_rom_text
20000000    20000000    000000dc   00000000    rw-
  20000000    20000000    000000dc   00000000    rw- .vecs
20000100    20000100    00000104   00000104    rw-
  20000100    20000100    000000f0   000000f0    rw- .sysbios_rom_data
  200001f0    200001f0    00000014   00000014    rw- .sysbios_rom_data
20000600    20000600    00000920   00000000    rw-
  20000600    20000600    00000920   00000000    rw- .bss
20000f20    20000f20    00000300   00000300    rw-
  20000f20    20000f20    00000300   00000300    rw- .data
20004000    20004000    00001000   00000000    rw-
  20004000    20004000    00001000   00000000    rw- .stack


SECTION ALLOCATION MAP

 output                                  attributes/
section   page    origin      length       input sections
--------  ----  ----------  ----------   ----------------
.text      0    00001700    00000e20     
                  00001700    0000037c     driverlib.lib : setup.obj (.text:HapiTrimDeviceShutDown)
                  00001a7c    000001f4     rtsv7M3_T_le_eabi.lib : ull_div_t2.obj (.text)
                  00001c70    000000dc     CC13xx.obj (.text:main)
                  00001d4c    000000a0     auto_init.aem3 : auto_init.oem3 (.text)
                  00001dec    000000a0     driverlib.lib : setup.obj (.text:trimDevice)
                  00001e8c    0000006c                   : setup.obj (.text:GetTrimForAmpcompCtrl)
                  00001ef8    00000068                   : chipinfo.obj (.text:ChipInfo_GetHwRevision)
                  00001f60    00000064                   : setup.obj (.text:GetTrimForAnabypassValue1)
                  00001fc4    00000050                   : setup.obj (.text:SetupCacheModeAccordingToCcfgSetting)
                  00002014    0000004c                   : osc.obj (.text:NOROM_OSCClockSourceSet)
                  00002060    0000004c     rtsv7M3_T_le_eabi.lib : cpy_tbl.obj (.text)
                  000020ac    00000048     driverlib.lib : ddi.obj (.text:NOROM_DDI16BitfieldWrite)
                  000020f4    00000044     boot.aem3 : boot.oem3 (.text)
                  00002138    00000044     rtsv7M3_T_le_eabi.lib : exit.obj (.text)
                  0000217c    00000040     driverlib.lib : ddi.obj (.text:NOROM_DDI16BitfieldRead)
                  000021bc    00000040                   : interrupt.obj (.text:NOROM_IntPendClear)
                  000021fc    0000003c                   : chipinfo.obj (.text:ChipInfo_GetChipFamily)
                  00002238    00000030                   : aon_event.obj (.text:NOROM_AONEventMcuWakeUpSet)
                  00002268    00000030                   : setup.obj (.text:SetAonRtcSubSecInc)
                  00002298    00000024                   : setup.obj (.text:GetTrimForRadcExtCfg)
                  000022bc    00000020                   : setup.obj (.text:GetTrimForXoscHfCtl)
                  000022dc    0000001c                   : setup.obj (.text:GetTrimForAmpcompTh2)
                  000022f8    0000001c                   : osc.obj (.text:NOROM_OSCClockSourceGet)
                  00002314    00000018                   : setup.obj (.text:GetTrimForAdcShModeEn)
                  0000232c    00000018                   : setup.obj (.text:GetTrimForAdcShVbufEn)
                  00002344    00000018                   : setup.obj (.text:GetTrimForAmpcompTh1)
                  0000235c    00000018                   : setup.obj (.text:GetTrimForDblrLoopFilterResetVoltage)
                  00002374    00000018                   : setup.obj (.text:GetTrimForRcOscLfIBiasTrim)
                  0000238c    00000018                   : setup.obj (.text:GetTrimForRcOscLfRtuneCtuneTrim)
                  000023a4    00000018                   : setup.obj (.text:GetTrimForXoscLfRegulatorAndCmirrwrRatio)
                  000023bc    00000018     rtsv7M3_T_le_eabi.lib : args_main.obj (.text)
                  000023d4    00000018                           : ll_mul_t2.obj (.text)
                  000023ec    00000014     driverlib.lib : aon_rtc.obj (.text:NOROM_AONRTCCurrent64BitValueGet)
                  00002400    00000014                   : chipinfo.obj (.text:ThisCodeIsBuiltForCC26xxHwRev22AndLater_HaltIfViolated)
                  00002414    00000014     rtsv7M3_T_le_eabi.lib : _lock.obj (.text)
                  00002428    00000010     driverlib.lib : setup.obj (.text:GetTrimForXoscHfFastStart)
                  00002438    00000010                   : setup.obj (.text:GetTrimForXoscHfIbiastherm)
                  00002448    0000000e                   : setup.obj (.text:SignExtendVddrTrimValue)
                  00002456    0000000c                   : cpu.obj (.text:NOROM_CPUcpsid)
                  00002462    0000000c                   : cpu.obj (.text:NOROM_CPUcpsie)
                  0000246e    00000006     mangled_BIOS_rom.obj (.text:__xdc__init)
                  00002474    00000002     CC13xx.obj (.text:smallErrorPolicy)
                  00002476    00000002     --HOLE-- [fill = 0]
                  00002478    00000008     mangled_BIOS_rom.obj (.tramp.xdc_runtime_System_exit__E.1)
                  00002480    00000008     CC13xx.obj (.tramp.memcpy.1)
                  00002488    00000008     mangled_BIOS_rom.obj (.tramp.ti_sysbios_knl_Clock_start__E.1)
                  00002490    00000008     mangled_BIOS_rom.obj (.tramp.ti_sysbios_knl_Semaphore_post__E.1)
                  00002498    00000008     mangled_BIOS_rom.obj (.tramp.ti_sysbios_knl_Semaphore_pend__E.1)
                  000024a0    00000008     mangled_BIOS_rom.obj (.tramp.ti_sysbios_knl_Swi_construct.1)
                  000024a8    00000008     mangled_BIOS_rom.obj (.tramp.ti_sysbios_family_arm_m3_Hwi_construct.1)
                  000024b0    00000008     mangled_BIOS_rom.obj (.tramp.ti_sysbios_knl_Clock_construct.1)
                  000024b8    00000008     mangled_BIOS_rom.obj (.tramp.ti_sysbios_knl_Semaphore_construct.1)
                  000024c0    00000008     mangled_BIOS_rom.obj (.tramp.ti_sysbios_knl_Task_construct.1)
                  000024c8    00000008     mangled_BIOS_rom.obj (.tramp.ti_sysbios_knl_Swi_create.1)
                  000024d0    00000008     mangled_BIOS_rom.obj (.tramp.ti_sysbios_family_arm_m3_Hwi_create.1)
                  000024d8    00000008     mangled_BIOS_rom.obj (.tramp.ti_sysbios_knl_Clock_create.1)
                  000024e0    00000008     mangled_BIOS_rom.obj (.tramp.ti_sysbios_knl_Semaphore_create.1)
                  000024e8    00000008     mangled_BIOS_rom.obj (.tramp.ti_sysbios_knl_Task_create.1)
                  000024f0    00000008     mangled_BIOS_rom.obj (.tramp.ti_sysbios_knl_Swi_Params__init__S.1)
                  000024f8    00000008     mangled_BIOS_rom.obj (.tramp.ti_sysbios_family_arm_m3_Hwi_Params__init__S.1)
                  00002500    00000008     mangled_BIOS_rom.obj (.tramp.ti_sysbios_knl_Semaphore_Params__init__S.1)
                  00002508    00000008     mangled_BIOS_rom.obj (.tramp.ti_sysbios_knl_Clock_Params__init__S.1)
                  00002510    00000008     mangled_BIOS_rom.obj (.tramp.ti_sysbios_knl_Task_Params__init__S.1)
                  00002518    00000008     mangled_BIOS_rom.obj (.tramp.ti_sysbios_BIOS_start__E.1)

.const     0    00002a68    00000088     
                  00002a68    00000048     CC13xx_pem3.obj (.const:.string)
                  00002ab0    00000024     CC13xx_pem3.obj (.const:xdc_runtime_Startup_sfxnTab__A)
                  00002ad4    00000012     CC13xx_pem3.obj (.const:xdc_runtime_Startup_sfxnRts__A)
                  00002ae6    00000001     CC13xx_pem3.obj (.const:xdc_runtime_Text_charTab__A)
                  00002ae7    00000001     --HOLE-- [fill = 0]
                  00002ae8    00000008     CC13xx_pem3.obj (.const:xdc_runtime_Startup_firstFxns__A)

.cinit     0    00001700    00000000     UNINITIALIZED

.init_array 
*          0    00001700    00000000     UNINITIALIZED

.ccfg      0    0001ffa8    00000058     
                  0001ffa8    00000058     CC13xx_pem3.obj (.ccfg:retain)

.bss       0    20000600    00000920     UNINITIALIZED
                  20000600    00000800     CC13xx_pem3.obj (.bss:taskStackSection)
                  20000e00    000000dc     CC13xx_pem3.obj (.bss:ti_sysbios_family_arm_m3_Hwi_dispatchTable)
                  20000edc    00000004     --HOLE--
                  20000ee0    00000040     CC13xx_pem3.obj (.bss:ti_sysbios_heaps_HeapMem_Instance_State_0_buf__A)

.data      0    20000f20    00000300     
                  20000f20    000000f0     CC13xx_pem3.obj (.data)
                  20001010    00000080     CC13xx_pem3.obj (.data:ti_sysbios_knl_Swi_Module_State_0_readyQ__A)
                  20001090    00000080     CC13xx_pem3.obj (.data:ti_sysbios_knl_Task_Module_State_0_readyQ__A)
                  20001110    0000004c     CC13xx_pem3.obj (.data:ti_sysbios_knl_Task_Object__table__V)
                  2000115c    00000004     rtsv7M3_T_le_eabi.lib : stkdepth_vars.obj (.data)
                  20001160    00000048     CC13xx_pem3.obj (.data:ti_sysbios_family_arm_cc26xx_Timer_Object__table__V)
                  200011a8    00000038     CC13xx_pem3.obj (.data:ti_sysbios_gates_GateMutex_Object__table__V)
                  200011e0    00000030     CC13xx_pem3.obj (.data:ti_sysbios_knl_Swi_Object__table__V)
                  20001210    00000008     rtsv7M3_T_le_eabi.lib : _lock.obj (.data)
                  20001218    00000008                           : exit.obj (.data)

.stack     0    20004000    00001000     UNINITIALIZED
                  20004000    00001000     --HOLE--

.bootVecs 
*          0    00000000    00000008     DSECT
                  00000000    00000008     boot.aem3 : boot.oem3 (.bootVecs)

.resetVecs 
*          0    00000000    0000003c     
                  00000000    0000003c     CC13xx_pem3.obj (.resetVecs)

.sysbios_rom_const 
*          0    00001000    0000040f     
                  00001000    0000003c     CC13xx_pem3.obj (.const:ti_sysbios_knl_Task_Object__PARAMS__C)
                  0000103c    00000034     CC13xx_pem3.obj (.const:ti_sysbios_knl_Mailbox_Object__PARAMS__C)
                  00001070    00000030     CC13xx_pem3.obj (.const:ti_sysbios_family_arm_m3_Hwi_Object__PARAMS__C)
                  000010a0    0000002c     CC13xx_pem3.obj (.const:ti_sysbios_hal_Hwi_Object__PARAMS__C)
                  000010cc    00000028     CC13xx_pem3.obj (.const:ti_sysbios_heaps_HeapMem_Module__FXNS__C)
                  000010f4    00000028     CC13xx_pem3.obj (.const:ti_sysbios_knl_Swi_Object__PARAMS__C)
                  0000111c    00000024     CC13xx_pem3.obj (.const:ti_sysbios_gates_GateHwi_Module__FXNS__C)
                  00001140    00000024     CC13xx_pem3.obj (.const:ti_sysbios_gates_GateMutex_Module__FXNS__C)
                  00001164    00000024     CC13xx_pem3.obj (.const:ti_sysbios_heaps_HeapMem_Object__PARAMS__C)
                  00001188    00000024     CC13xx_pem3.obj (.const:ti_sysbios_knl_Clock_Object__PARAMS__C)
                  000011ac    00000024     CC13xx_pem3.obj (.const:ti_sysbios_knl_Semaphore_Object__PARAMS__C)
                  000011d0    00000020     CC13xx_pem3.obj (.const:ti_sysbios_family_arm_m3_Hwi_Object__DESC__C)
                  000011f0    00000020     CC13xx_pem3.obj (.const:ti_sysbios_gates_GateHwi_Object__DESC__C)
                  00001210    00000020     CC13xx_pem3.obj (.const:ti_sysbios_gates_GateMutex_Object__DESC__C)
                  00001230    00000020     CC13xx_pem3.obj (.const:ti_sysbios_hal_Hwi_Object__DESC__C)
                  00001250    00000020     CC13xx_pem3.obj (.const:ti_sysbios_heaps_HeapMem_Object__DESC__C)
                  00001270    00000020     CC13xx_pem3.obj (.const:ti_sysbios_knl_Clock_Object__DESC__C)
                  00001290    00000020     CC13xx_pem3.obj (.const:ti_sysbios_knl_Mailbox_Object__DESC__C)
                  000012b0    00000020     CC13xx_pem3.obj (.const:ti_sysbios_knl_Queue_Object__DESC__C)
                  000012d0    00000020     CC13xx_pem3.obj (.const:ti_sysbios_knl_Semaphore_Object__DESC__C)
                  000012f0    00000020     CC13xx_pem3.obj (.const:ti_sysbios_knl_Swi_Object__DESC__C)
                  00001310    00000020     CC13xx_pem3.obj (.const:ti_sysbios_knl_Task_Object__DESC__C)
                  00001330    00000018     CC13xx_pem3.obj (.const:ti_sysbios_gates_GateHwi_Object__PARAMS__C)
                  00001348    00000018     CC13xx_pem3.obj (.const:ti_sysbios_gates_GateMutex_Object__PARAMS__C)
                  00001360    00000018     CC13xx_pem3.obj (.const:ti_sysbios_knl_Queue_Object__PARAMS__C)
                  00001378    00000008     CC13xx_pem3.obj (.const:ti_sysbios_knl_Idle_funcList__C)
                  00001380    00000004     CC13xx_pem3.obj (.const:ti_sysbios_family_arm_cc26xx_Timer_startupNeeded__C)
                  00001384    00000004     CC13xx_pem3.obj (.const:ti_sysbios_family_arm_m3_Hwi_E_alreadyDefined__C)
                  00001388    00000004     CC13xx_pem3.obj (.const:ti_sysbios_family_arm_m3_Hwi_E_hwiLimitExceeded__C)
                  0000138c    00000004     CC13xx_pem3.obj (.const:ti_sysbios_family_arm_m3_Hwi_NUM_INTERRUPTS__C)
                  00001390    00000004     CC13xx_pem3.obj (.const:ti_sysbios_family_arm_m3_Hwi_Object__count__C)
                  00001394    00000004     CC13xx_pem3.obj (.const:ti_sysbios_family_arm_m3_Hwi_Object__table__C)
                  00001398    00000004     CC13xx_pem3.obj (.const:ti_sysbios_family_arm_m3_Hwi_ccr__C)
                  0000139c    00000004     CC13xx_pem3.obj (.const:ti_sysbios_family_arm_m3_Hwi_excHandlerFunc__C)
                  000013a0    00000004     CC13xx_pem3.obj (.const:ti_sysbios_family_arm_m3_Hwi_nullIsrFunc__C)
                  000013a4    00000004     CC13xx_pem3.obj (.const:ti_sysbios_family_arm_m3_Hwi_numSparseInterrupts__C)
                  000013a8    00000004     CC13xx_pem3.obj (.const:ti_sysbios_family_arm_m3_Hwi_priGroup__C)
                  000013ac    00000004     CC13xx_pem3.obj (.const:ti_sysbios_family_arm_m3_TaskSupport_stackAlignment__C)
                  000013b0    00000004     CC13xx_pem3.obj (.const:ti_sysbios_heaps_HeapMem_E_memory__C)
                  000013b4    00000004     CC13xx_pem3.obj (.const:ti_sysbios_heaps_HeapMem_Module__gateObj__C)
                  000013b8    00000004     CC13xx_pem3.obj (.const:ti_sysbios_heaps_HeapMem_Object__count__C)
                  000013bc    00000004     CC13xx_pem3.obj (.const:ti_sysbios_heaps_HeapMem_Object__table__C)
                  000013c0    00000004     CC13xx_pem3.obj (.const:ti_sysbios_heaps_HeapMem_reqAlign__C)
                  000013c4    00000004     CC13xx_pem3.obj (.const:ti_sysbios_knl_Clock_triggerClock__C)
                  000013c8    00000004     CC13xx_pem3.obj (.const:ti_sysbios_knl_Mailbox_Object__count__C)
                  000013cc    00000004     CC13xx_pem3.obj (.const:ti_sysbios_knl_Mailbox_Object__table__C)
                  000013d0    00000004     CC13xx_pem3.obj (.const:ti_sysbios_knl_Mailbox_maxTypeAlign__C)
                  000013d4    00000004     CC13xx_pem3.obj (.const:ti_sysbios_knl_Queue_Object__count__C)
                  000013d8    00000004     CC13xx_pem3.obj (.const:ti_sysbios_knl_Queue_Object__table__C)
                  000013dc    00000004     CC13xx_pem3.obj (.const:ti_sysbios_knl_Swi_Object__count__C)
                  000013e0    00000004     CC13xx_pem3.obj (.const:ti_sysbios_knl_Swi_Object__table__C)
                  000013e4    00000004     CC13xx_pem3.obj (.const:ti_sysbios_knl_Swi_numPriorities__C)
                  000013e8    00000004     CC13xx_pem3.obj (.const:ti_sysbios_knl_Task_Object__count__C)
                  000013ec    00000004     CC13xx_pem3.obj (.const:ti_sysbios_knl_Task_Object__table__C)
                  000013f0    00000004     CC13xx_pem3.obj (.const:ti_sysbios_knl_Task_allBlockedFunc__C)
                  000013f4    00000004     CC13xx_pem3.obj (.const:ti_sysbios_knl_Task_defaultStackHeap__C)
                  000013f8    00000004     CC13xx_pem3.obj (.const:ti_sysbios_knl_Task_defaultStackSize__C)
                  000013fc    00000004     CC13xx_pem3.obj (.const:ti_sysbios_knl_Task_numConstructedTasks__C)
                  00001400    00000002     CC13xx_pem3.obj (.const:ti_sysbios_family_arm_cc26xx_Timer_Module__id__C)
                  00001402    00000002     CC13xx_pem3.obj (.const:ti_sysbios_family_arm_cc26xx_TimestampProvider_useClockTimer__C)
                  00001404    00000002     CC13xx_pem3.obj (.const:ti_sysbios_family_arm_m3_Hwi_Module__id__C)
                  00001406    00000002     CC13xx_pem3.obj (.const:ti_sysbios_gates_GateHwi_Module__id__C)
                  00001408    00000002     CC13xx_pem3.obj (.const:ti_sysbios_gates_GateMutex_Module__id__C)
                  0000140a    00000002     CC13xx_pem3.obj (.const:ti_sysbios_heaps_HeapMem_Module__id__C)
                  0000140c    00000002     CC13xx_pem3.obj (.const:ti_sysbios_knl_Task_initStackFlag__C)
                  0000140e    00000001     CC13xx_pem3.obj (.const:ti_sysbios_knl_Clock_tickMode__C)

.sysbios_rom_const 
*          0    00001410    0000006b     
                  00001410    00000008     CC13xx_pem3.obj (.const:xdc_runtime_Startup_firstFxns__C)
                  00001418    00000008     CC13xx_pem3.obj (.const:xdc_runtime_Startup_lastFxns__C)
                  00001420    00000004     CC13xx_pem3.obj (.const:xdc_runtime_Assert_E_assertFailed__C)
                  00001424    00000004     CC13xx_pem3.obj (.const:xdc_runtime_Error_E_memory__C)
                  00001428    00000004     CC13xx_pem3.obj (.const:xdc_runtime_Error_policyFxn__C)
                  0000142c    00000004     CC13xx_pem3.obj (.const:xdc_runtime_IGateProvider_Interface__BASE__C)
                  00001430    00000004     CC13xx_pem3.obj (.const:xdc_runtime_IHeap_Interface__BASE__C)
                  00001434    00000004     CC13xx_pem3.obj (.const:xdc_runtime_IModule_Interface__BASE__C)
                  00001438    00000004     CC13xx_pem3.obj (.const:xdc_runtime_Memory_defaultHeapInstance__C)
                  0000143c    00000004     CC13xx_pem3.obj (.const:xdc_runtime_Startup_execImpl__C)
                  00001440    00000004     CC13xx_pem3.obj (.const:xdc_runtime_Startup_maxPasses__C)
                  00001444    00000004     CC13xx_pem3.obj (.const:xdc_runtime_Startup_sfxnRts__C)
                  00001448    00000004     CC13xx_pem3.obj (.const:xdc_runtime_Startup_sfxnTab__C)
                  0000144c    00000004     CC13xx_pem3.obj (.const:xdc_runtime_Startup_startModsFxn__C)
                  00001450    00000004     CC13xx_pem3.obj (.const:xdc_runtime_SysCallback_abortFxn__C)
                  00001454    00000004     CC13xx_pem3.obj (.const:xdc_runtime_SysCallback_exitFxn__C)
                  00001458    00000004     CC13xx_pem3.obj (.const:xdc_runtime_System_abortFxn__C)
                  0000145c    00000004     CC13xx_pem3.obj (.const:xdc_runtime_System_exitFxn__C)
                  00001460    00000004     CC13xx_pem3.obj (.const:xdc_runtime_System_maxAtexitHandlers__C)
                  00001464    00000004     CC13xx_pem3.obj (.const:xdc_runtime_Text_charTab__C)
                  00001468    00000004     CC13xx_pem3.obj (.const:xdc_runtime_Text_nameEmpty__C)
                  0000146c    00000004     CC13xx_pem3.obj (.const:xdc_runtime_Text_nameStatic__C)
                  00001470    00000004     CC13xx_pem3.obj (.const:xdc_runtime_Text_nameUnknown__C)
                  00001474    00000002     CC13xx_pem3.obj (.const:xdc_runtime_Memory_Module__id__C)
                  00001476    00000002     CC13xx_pem3.obj (.const:xdc_runtime_Text_charCnt__C)
                  00001478    00000002     CC13xx_pem3.obj (.const:xdc_runtime_Text_isLoaded__C)
                  0000147a    00000001     CC13xx_pem3.obj (.const:xdc_runtime_Error_policy__C)

.sysbios_rom_const 
*          0    0000147c    00000030     
                  0000147c    00000004     CC13xx_pem3.obj (.const:ti_sysbios_rom_ROM_AONRTCCurrentCompareValueGet)
                  00001480    00000004     CC13xx_pem3.obj (.const:ti_sysbios_rom_ROM_ti_sysbios_family_arm_cc26xx_Timer_getCount64__E)
                  00001484    00000004     CC13xx_pem3.obj (.const:ti_sysbios_rom_ROM_ti_sysbios_family_arm_cc26xx_Timer_getCurrentTick__E)
                  00001488    00000004     CC13xx_pem3.obj (.const:ti_sysbios_rom_ROM_ti_sysbios_family_arm_cc26xx_Timer_getMaxTicks__E)
                  0000148c    00000004     CC13xx_pem3.obj (.const:ti_sysbios_rom_ROM_ti_sysbios_family_arm_cc26xx_Timer_initDevice__I)
                  00001490    00000004     CC13xx_pem3.obj (.const:ti_sysbios_rom_ROM_ti_sysbios_family_arm_cc26xx_Timer_setNextTick__E)
                  00001494    00000004     CC13xx_pem3.obj (.const:ti_sysbios_rom_ROM_ti_sysbios_family_arm_cc26xx_Timer_setThreshold__I)
                  00001498    00000004     CC13xx_pem3.obj (.const:ti_sysbios_rom_ROM_ti_sysbios_family_arm_cc26xx_Timer_start__E)
                  0000149c    00000004     CC13xx_pem3.obj (.const:ti_sysbios_rom_ROM_ti_sysbios_family_arm_cc26xx_TimestampProvider_get32__E)
                  000014a0    00000004     CC13xx_pem3.obj (.const:ti_sysbios_rom_ROM_xdc_runtime_Startup_getState__I)
                  000014a4    00000004     CC13xx_pem3.obj (.const:ti_sysbios_rom_ROM_xdc_runtime_System_SupportProxy_abort__E)
                  000014a8    00000004     CC13xx_pem3.obj (.const:ti_sysbios_rom_ROM_xdc_runtime_System_SupportProxy_exit__E)

.sysbios_rom_const 
*          0    000014ac    00000020     
                  000014ac    00000004     CC13xx_pem3.obj (.const:ti_sysbios_gates_GateMutex_Instance_State_sem__O)
                  000014b0    00000004     CC13xx_pem3.obj (.const:ti_sysbios_knl_Clock_Module_State_clockQ__O)
                  000014b4    00000004     CC13xx_pem3.obj (.const:ti_sysbios_knl_Mailbox_Instance_State_dataQue__O)
                  000014b8    00000004     CC13xx_pem3.obj (.const:ti_sysbios_knl_Mailbox_Instance_State_dataSem__O)
                  000014bc    00000004     CC13xx_pem3.obj (.const:ti_sysbios_knl_Mailbox_Instance_State_freeQue__O)
                  000014c0    00000004     CC13xx_pem3.obj (.const:ti_sysbios_knl_Mailbox_Instance_State_freeSem__O)
                  000014c4    00000004     CC13xx_pem3.obj (.const:ti_sysbios_knl_Semaphore_Instance_State_pendQ__O)
                  000014c8    00000004     CC13xx_pem3.obj (.const:ti_sysbios_knl_Task_Module_State_inactiveQ__O)

.bigc_text 
*          0    00002520    000002fc     
                  00002520    0000008c     CC13xx_pem3.obj (.text:xdc_runtime_Startup_getState__I)
                  000025ac    00000030     CC13xx_pem3.obj (.text:ti_sysbios_BIOS_atExitFunc__I)
                  000025dc    00000030     CC13xx_pem3.obj (.text:ti_sysbios_BIOS_rtsLock__I)
                  0000260c    0000002c     CC13xx_pem3.obj (.text:ti_sysbios_BIOS_rtsUnlock__I)
                  00002638    00000024     CC13xx_pem3.obj (.text:ti_sysbios_BIOS_registerRTSLock__I)
                  0000265c    00000024     CC13xx_pem3.obj (.text:ti_sysbios_BIOS_startFunc__I)
                  00002680    00000020     CC13xx_pem3.obj (.text:ti_sysbios_BIOS_removeRTSLock__I)
                  000026a0    0000001c     CC13xx_pem3.obj (.text:ti_sysbios_rom_cortexm_cc13xx_CC13xx_checkRevision__E)
                  000026bc    00000018     CC13xx_pem3.obj (.text:ti_sysbios_knl_Clock_doTick__I)
                  000026d4    00000018     CC13xx_pem3.obj (.text:xdc_runtime_Startup_exec__I)
                  000026ec    00000016     CC13xx_pem3.obj (.text:ti_sysbios_BIOS_exitFunc__I)
                  00002702    00000002     CC13xx_pem3.obj (.text:ti_sysbios_BIOS_nullFunc__I)
                  00002704    0000000c     CC13xx_pem3.obj (.text:ti_sysbios_family_arm_cc26xx_Timer_dynamicStub__E)
                  00002710    0000000c     CC13xx_pem3.obj (.text:ti_sysbios_family_arm_cc26xx_Timer_getCount64__E)
                  0000271c    0000000c     CC13xx_pem3.obj (.text:ti_sysbios_family_arm_cc26xx_Timer_getCurrentTick__E)
                  00002728    0000000c     CC13xx_pem3.obj (.text:ti_sysbios_family_arm_cc26xx_Timer_getMaxTicks__E)
                  00002734    0000000c     CC13xx_pem3.obj (.text:ti_sysbios_family_arm_cc26xx_Timer_initDevice__I)
                  00002740    0000000c     CC13xx_pem3.obj (.text:ti_sysbios_family_arm_cc26xx_Timer_setNextTick__E)
                  0000274c    0000000c     CC13xx_pem3.obj (.text:ti_sysbios_family_arm_cc26xx_Timer_setThreshold__I)
                  00002758    0000000c     CC13xx_pem3.obj (.text:ti_sysbios_family_arm_cc26xx_Timer_start__E)
                  00002764    0000000c     CC13xx_pem3.obj (.text:ti_sysbios_family_arm_cc26xx_TimestampProvider_get32__E)
                  00002770    0000000c     CC13xx_pem3.obj (.text:ti_sysbios_knl_Clock_workFuncDynamic__E)
                  0000277c    0000000c     CC13xx_pem3.obj (.text:xdc_runtime_Startup_reset__I)
                  00002788    0000000c     CC13xx_pem3.obj (.text:xdc_runtime_System_SupportProxy_abort__E)
                  00002794    0000000c     CC13xx_pem3.obj (.text:xdc_runtime_System_SupportProxy_exit__E)
                  000027a0    00000002     CC13xx_pem3.obj (.text:ti_sysbios_rom_cortexm_cc13xx_CC13xx_badRomRevision__E)
                  000027a2    00000002     --HOLE-- [fill = 0]
                  000027a4    00000008     mangled_BIOS_rom.obj (.tramp.xdc_runtime_SysCallback_exit__E.1)
                  000027ac    00000008     mangled_BIOS_rom.obj (.tramp.xdc_runtime_SysCallback_abort__E.1)
                  000027b4    00000008     mangled_BIOS_rom.obj (.tramp.xdc_runtime_System_exit__E.2)
                  000027bc    00000008     mangled_BIOS_rom.obj (.tramp.ti_sysbios_knl_Swi_post__E.1)
                  000027c4    00000008     mangled_BIOS_rom.obj (.tramp.ti_sysbios_knl_Clock_logTick__E.1)
                  000027cc    00000008     mangled_BIOS_rom.obj (.tramp.ti_sysbios_knl_Task_startup__E.1)
                  000027d4    00000008     mangled_BIOS_rom.obj (.tramp.ti_sysbios_knl_Swi_startup__E.1)
                  000027dc    00000008     mangled_BIOS_rom.obj (.tramp.ti_sysbios_hal_Hwi_startup__E.1)
                  000027e4    00000008     mangled_BIOS_rom.obj (.tramp.ti_sysbios_family_arm_cc26xx_Timer_startup__E.1)
                  000027ec    00000008     mangled_BIOS_rom.obj (.tramp.xdc_runtime_System_atexit__E.1)
                  000027f4    00000008     mangled_BIOS_rom.obj (.tramp.ti_sysbios_BIOS_RtsGateProxy_leave__E.1)
                  000027fc    00000008     mangled_BIOS_rom.obj (.tramp.ti_sysbios_BIOS_RtsGateProxy_enter__E.1)
                  00002804    00000008     mangled_BIOS_rom.obj (.tramp.ti_sysbios_BIOS_setThreadType__E.1)
                  0000280c    00000008     mangled_BIOS_rom.obj (.tramp.ti_sysbios_knl_Task_disable__E.1)
                  00002814    00000008     mangled_BIOS_rom.obj (.tramp.ti_sysbios_knl_Swi_disable__E.1)

.mangled_apis_text 
*          0    0000281c    0000024c     
                  0000281c    00000098     mangled_BIOS_rom.obj (.text:ti_sysbios_knl_Clock_workFuncDynamic__E__mangled__)
                  000028b4    00000054     mangled_BIOS_rom.obj (.text:ti_sysbios_family_arm_cc26xx_Timer_start__E__mangled__)
                  00002908    00000040     mangled_BIOS_rom.obj (.text:ti_sysbios_family_arm_cc26xx_Timer_getCurrentTick__E__mangled__)
                  00002948    00000040     mangled_BIOS_rom.obj (.text:ti_sysbios_family_arm_cc26xx_Timer_setNextTick__E__mangled__)
                  00002988    00000038     mangled_BIOS_rom.obj (.text:ti_sysbios_family_arm_cc26xx_Timer_setThreshold__I__mangled__)
                  000029c0    00000028     mangled_BIOS_rom.obj (.text:ti_sysbios_family_arm_cc26xx_Timer_getMaxTicks__E__mangled__)
                  000029e8    00000028     mangled_BIOS_rom.obj (.text:ti_sysbios_family_arm_cc26xx_Timer_initDevice__I__mangled__)
                  00002a10    00000020     mangled_BIOS_rom.obj (.text:ti_sysbios_family_arm_cc26xx_Timer_dynamicStub__E__mangled__)
                  00002a30    0000001c     mangled_BIOS_rom.obj (.text:ti_sysbios_family_arm_cc26xx_TimestampProvider_get32__E__mangled__)
                  00002a4c    00000004     mangled_BIOS_rom.obj (.text:ti_sysbios_family_arm_cc26xx_Timer_getCount64__E__mangled__)
                  00002a50    00000008     mangled_BIOS_rom.obj (.tramp.ti_sysbios_knl_Clock_scheduleNextTick__E.1)
                  00002a58    00000008     mangled_BIOS_rom.obj (.tramp.ti_sysbios_knl_Clock_walkQueueDynamic__E.1)
                  00002a60    00000008     mangled_BIOS_rom.obj (.tramp.ti_sysbios_knl_Clock_TimerProxy_getCurrentTick__E.1)

.sysbios_rom_text 
*          0    1001a000    00002300     
                  1001a000    000000cc     mangled_BIOS_rom.obj (.text:ti_sysbios_knl_Semaphore_pend__E)
                  1001a0cc    000000cc     mangled_BIOS_rom.obj (.text:ti_sysbios_knl_Task_Instance_init__E)
                  1001a198    000000c8     mangled_BIOS_rom.obj (.text:ti_sysbios_knl_Mailbox_Instance_init__E)
                  1001a260    000000c4     mangled_BIOS_rom.obj (.text:ti_sysbios_heaps_HeapMem_alloc__E)
                  1001a324    000000b0     mangled_BIOS_rom.obj (.text:ti_sysbios_family_arm_m3_Hwi_postInit__I)
                  1001a3d4    0000009c     mangled_BIOS_rom.obj (.text:ti_sysbios_family_arm_cc26xx_Timer_periodicStub__E)
                  1001a470    00000098     mangled_BIOS_rom.obj (.text:ti_sysbios_family_arm_m3_Hwi_Instance_init__E)
                  1001a508    00000094     mangled_BIOS_rom.obj (.text:ti_sysbios_knl_Task_Instance_finalize__E)
                  1001a59c    00000084     mangled_BIOS_rom.obj (.text:ti_sysbios_knl_Mailbox_post__E)
                  1001a620    00000080     mangled_BIOS_rom.obj (.text:ti_sysbios_family_arm_m3_Hwi_initNVIC__E)
                  1001a6a0    00000080     mangled_BIOS_rom.obj (.text:ti_sysbios_knl_Clock_startI__E)
                  1001a720    00000080     mangled_BIOS_rom.obj (.text:ti_sysbios_knl_Task_postInit__I)
                  1001a7a0    00000078     mangled_BIOS_rom.obj (.text:ti_sysbios_heaps_HeapMem_free__E)
                  1001a818    00000078     mangled_BIOS_rom.obj (.text:ti_sysbios_knl_Clock_walkQueueDynamic__E)
                  1001a890    00000078     mangled_BIOS_rom.obj (.text:ti_sysbios_knl_Clock_workFunc__E)
                  1001a908    00000070     mangled_BIOS_rom.obj (.text:ti_sysbios_knl_Mailbox_Instance_finalize__E)
                  1001a978    00000070     mangled_BIOS_rom.obj (.text:ti_sysbios_knl_Mailbox_pend__E)
                  1001a9e8    00000070     mangled_BIOS_rom.obj (.text:ti_sysbios_knl_Task_sleep__E)
                  1001aa58    00000068     mangled_BIOS_rom.obj (.text:ti_sysbios_knl_Swi_restoreHwi__E)
                  1001aac0    00000064     mangled_BIOS_rom.obj (.text:ti_sysbios_family_arm_m3_Hwi_Object__create__S)
                  1001ab24    00000064     mangled_BIOS_rom.obj (.text:ti_sysbios_family_arm_m3_Hwi_dispatchC__I)
                  1001ab88    00000064     mangled_BIOS_rom.obj (.text:ti_sysbios_hal_Hwi_create)
                  1001abec    00000064     mangled_BIOS_rom.obj (.text:ti_sysbios_knl_Semaphore_post__E)
                  1001ac50    00000060     mangled_BIOS_rom.obj (.text:ti_sysbios_family_arm_m3_Hwi_create)
                  1001acb0    00000060     mangled_BIOS_rom.obj (.text:ti_sysbios_knl_Mailbox_create)
                  1001ad10    00000060     mangled_BIOS_rom.obj (.text:ti_sysbios_knl_Swi_Instance_init__E)
                  1001ad70    0000005c     mangled_BIOS_rom.obj (.text:ti_sysbios_family_arm_m3_Hwi_Instance_finalize__E)
                  1001adcc    0000005c     mangled_BIOS_rom.obj (.text:ti_sysbios_knl_Task_Module_startup__E)
                  1001ae28    0000005c     mangled_BIOS_rom.obj (.text:ti_sysbios_knl_Task_startCore__E)
                  1001ae84    00000058     mangled_BIOS_rom.obj (.text:ti_sysbios_family_arm_m3_Hwi_construct)
                  1001aedc    00000058     mangled_BIOS_rom.obj (.text:ti_sysbios_knl_Mailbox_construct)
                  1001af34    00000058     mangled_BIOS_rom.obj (.text:ti_sysbios_knl_Swi_create)
                  1001af8c    00000058     mangled_BIOS_rom.obj (.text:ti_sysbios_knl_Swi_run__I)
                  1001afe4    00000058     mangled_BIOS_rom.obj (.text:ti_sysbios_knl_Task_create)
                  1001b03c    00000054     mangled_BIOS_rom.obj (.text:ti_sysbios_knl_Swi_schedule__I)
                  1001b090    00000050     mangled_BIOS_rom.obj (.text:ti_sysbios_knl_Swi_construct)
                  1001b0e0    00000050     mangled_BIOS_rom.obj (.text:ti_sysbios_knl_Swi_runLoop__I)
                  1001b130    00000050     mangled_BIOS_rom.obj (.text:ti_sysbios_knl_Task_construct)
                  1001b180    0000004c     mangled_BIOS_rom.obj (.text:ti_sysbios_knl_Task_schedule__I)
                  1001b1cc    00000048     mangled_BIOS_rom.obj (.text:ti_sysbios_family_arm_m3_Hwi_Module_startup__E)
                  1001b214    00000048     mangled_BIOS_rom.obj (.text:ti_sysbios_heaps_HeapMem_getStats__E)
                  1001b25c    00000044     mangled_BIOS_rom.obj (.text:ti_sysbios_family_arm_m3_Hwi_disableInterrupt__E)
                  1001b2a0    00000044     mangled_BIOS_rom.obj (.text:ti_sysbios_family_arm_m3_Hwi_enableInterrupt__E)
                  1001b2e4    00000044     mangled_BIOS_rom.obj (.text:ti_sysbios_knl_Mailbox_Module_startup__E)
                  1001b328    00000044     mangled_BIOS_rom.obj (.text:ti_sysbios_knl_Swi_post__E)
                  1001b36c    00000044     mangled_BIOS_rom.obj (.text:ti_sysbios_knl_Task_allBlockedFunction__I)
                  1001b3b0    00000040     mangled_BIOS_rom.obj (.text:ti_sysbios_family_arm_m3_Hwi_getStackInfo__E)
                  1001b3f0    00000040     mangled_BIOS_rom.obj (.text:ti_sysbios_knl_Task_yield__E)
                  1001b430    0000003a     mangled_BIOS_rom.obj (.text:ti_sysbios_knl_Task_exit__E)
                  1001b46a    00000002     mangled_BIOS_rom.obj (.text:ti_sysbios_gates_GateHwi_Instance_init__E)
                  1001b46c    00000038     mangled_BIOS_rom.obj (.text:ti_sysbios_family_arm_m3_TaskSupport_start__E)
                  1001b4a4    00000038     mangled_BIOS_rom.obj (.text:ti_sysbios_heaps_HeapMem_Instance_init__E)
                  1001b4dc    00000038     mangled_BIOS_rom.obj (.text:ti_sysbios_knl_Clock_Instance_init__E)
                  1001b514    00000038     mangled_BIOS_rom.obj (.text:ti_sysbios_knl_Clock_create)
                  1001b54c    00000034     mangled_BIOS_rom.obj (.text:ti_sysbios_heaps_HeapMem_init__I)
                  1001b580    00000034     mangled_BIOS_rom.obj (.text:ti_sysbios_knl_Clock_construct)
                  1001b5b4    00000034     mangled_BIOS_rom.obj (.text:ti_sysbios_knl_Clock_getTicks__E)
                  1001b5e8    00000034     mangled_BIOS_rom.obj (.text:ti_sysbios_knl_Semaphore_create)
                  1001b61c    00000034     mangled_BIOS_rom.obj (.text:ti_sysbios_knl_Swi_restore__E)
                  1001b650    00000034     mangled_BIOS_rom.obj (.text:ti_sysbios_knl_Task_blockI__E)
                  1001b684    00000030     mangled_BIOS_rom.obj (.text:ti_sysbios_gates_GateMutex_Object__create__S)
                  1001b6b4    00000030     mangled_BIOS_rom.obj (.text:ti_sysbios_gates_GateMutex_create)
                  1001b6e4    00000030     mangled_BIOS_rom.obj (.text:ti_sysbios_gates_GateMutex_enter__E)
                  1001b714    00000030     mangled_BIOS_rom.obj (.text:ti_sysbios_knl_Semaphore_construct)
                  1001b744    00000030     mangled_BIOS_rom.obj (.text:ti_sysbios_knl_Task_processVitalTaskFlag__I)
                  1001b774    0000002c     mangled_BIOS_rom.obj (.text:ti_sysbios_family_arm_cc26xx_Timer_postInit__I)
                  1001b7a0    0000002c     mangled_BIOS_rom.obj (.text:ti_sysbios_family_arm_cc26xx_Timer_startup__E)
                  1001b7cc    0000002c     mangled_BIOS_rom.obj (.text:ti_sysbios_family_arm_m3_Hwi_Object__get__S)
                  1001b7f8    0000002c     mangled_BIOS_rom.obj (.text:ti_sysbios_gates_GateMutex_construct)
                  1001b824    0000002c     mangled_BIOS_rom.obj (.text:ti_sysbios_hal_Hwi_initStack)
                  1001b850    0000002c     mangled_BIOS_rom.obj (.text:ti_sysbios_heaps_HeapMem_Object__create__S)
                  1001b87c    0000002c     mangled_BIOS_rom.obj (.text:ti_sysbios_heaps_HeapMem_Object__get__S)
                  1001b8a8    0000002c     mangled_BIOS_rom.obj (.text:ti_sysbios_knl_Mailbox_Object__get__S)
                  1001b8d4    0000002c     mangled_BIOS_rom.obj (.text:ti_sysbios_knl_Mailbox_postInit__I)
                  1001b900    0000002c     mangled_BIOS_rom.obj (.text:ti_sysbios_knl_Queue_construct)
                  1001b92c    0000002c     mangled_BIOS_rom.obj (.text:ti_sysbios_knl_Queue_create)
                  1001b958    0000002c     mangled_BIOS_rom.obj (.text:ti_sysbios_knl_Semaphore_pendTimeout__I)
                  1001b984    0000002c     mangled_BIOS_rom.obj (.text:ti_sysbios_knl_Swi_Object__get__S)
                  1001b9b0    0000002c     mangled_BIOS_rom.obj (.text:ti_sysbios_knl_Task_unblockI__E)
                  1001b9dc    00000028     mangled_BIOS_rom.obj (.text:ti_sysbios_family_arm_cc26xx_TimestampProvider_get64__E)
                  1001ba04    00000028     mangled_BIOS_rom.obj (.text:ti_sysbios_knl_Clock_addI__E)
                  1001ba2c    00000028     mangled_BIOS_rom.obj (.text:ti_sysbios_knl_Task_restore__E)
                  1001ba54    00000026     mangled_BIOS_rom.obj (.text:ti_sysbios_hal_Hwi_Instance_init__E)
                  1001ba7a    00000002     mangled_BIOS_rom.obj (.text:ti_sysbios_knl_Clock_logTick__E)
                  1001ba7c    00000024     mangled_BIOS_rom.obj (.text:ti_sysbios_family_arm_cc26xx_Timer_Module_startup__E)
                  1001baa0    00000024     mangled_BIOS_rom.obj (.text:ti_sysbios_gates_GateHwi_Object__create__S)
                  1001bac4    00000024     mangled_BIOS_rom.obj (.text:ti_sysbios_gates_GateMutex_Object__delete__S)
                  1001bae8    00000024     mangled_BIOS_rom.obj (.text:ti_sysbios_knl_Clock_Object__delete__S)
                  1001bb0c    00000024     mangled_BIOS_rom.obj (.text:ti_sysbios_knl_Semaphore_Instance_init__E)
                  1001bb30    00000024     mangled_BIOS_rom.obj (.text:ti_sysbios_knl_Semaphore_Object__delete__S)
                  1001bb54    00000020     mangled_BIOS_rom.obj (.text:ti_sysbios_family_arm_cc26xx_Timer_Module__startupDone__S)
                  1001bb74    00000020     mangled_BIOS_rom.obj (.text:ti_sysbios_family_arm_cc26xx_TimestampProvider_Module_startup__E)
                  1001bb94    00000020     mangled_BIOS_rom.obj (.text:ti_sysbios_family_arm_m3_Hwi_Module__startupDone__S)
                  1001bbb4    00000020     mangled_BIOS_rom.obj (.text:ti_sysbios_family_arm_m3_Hwi_Object__delete__S)
                  1001bbd4    00000020     mangled_BIOS_rom.obj (.text:ti_sysbios_family_arm_m3_Hwi_excHandler__I)
                  1001bbf4    00000020     mangled_BIOS_rom.obj (.text:ti_sysbios_gates_GateHwi_Handle__label__S)
                  1001bc14    00000020     mangled_BIOS_rom.obj (.text:ti_sysbios_gates_GateHwi_Object__delete__S)
                  1001bc34    00000020     mangled_BIOS_rom.obj (.text:ti_sysbios_gates_GateMutex_Handle__label__S)
                  1001bc54    00000020     mangled_BIOS_rom.obj (.text:ti_sysbios_gates_GateMutex_Object__destruct__S)
                  1001bc74    00000020     mangled_BIOS_rom.obj (.text:ti_sysbios_hal_Hwi_Object__delete__S)
                  1001bc94    00000020     mangled_BIOS_rom.obj (.text:ti_sysbios_heaps_HeapMem_Handle__label__S)
                  1001bcb4    00000020     mangled_BIOS_rom.obj (.text:ti_sysbios_heaps_HeapMem_Object__delete__S)
                  1001bcd4    00000020     mangled_BIOS_rom.obj (.text:ti_sysbios_knl_Clock_Module_startup__E)
                  1001bcf4    00000020     mangled_BIOS_rom.obj (.text:ti_sysbios_knl_Clock_Object__destruct__S)
                  1001bd14    00000020     mangled_BIOS_rom.obj (.text:ti_sysbios_knl_Clock_stop__E)
                  1001bd34    00000020     mangled_BIOS_rom.obj (.text:ti_sysbios_knl_Idle_run__E)
                  1001bd54    00000020     mangled_BIOS_rom.obj (.text:ti_sysbios_knl_Mailbox_Object__delete__S)
                  1001bd74    00000020     mangled_BIOS_rom.obj (.text:ti_sysbios_knl_Queue_Object__delete__S)
                  1001bd94    00000020     mangled_BIOS_rom.obj (.text:ti_sysbios_knl_Queue_Object__get__S)
                  1001bdb4    00000020     mangled_BIOS_rom.obj (.text:ti_sysbios_knl_Semaphore_Object__destruct__S)
                  1001bdd4    00000020     mangled_BIOS_rom.obj (.text:ti_sysbios_knl_Swi_Object__delete__S)
                  1001bdf4    00000020     mangled_BIOS_rom.obj (.text:ti_sysbios_knl_Task_Object__delete__S)
                  1001be14    00000020     mangled_BIOS_rom.obj (.text:ti_sysbios_knl_Task_Object__get__S)
                  1001be34    00000020     mangled_BIOS_rom.obj (.text:ti_sysbios_knl_Task_restoreHwi__E)
                  1001be54    0000001c     mangled_BIOS_rom.obj (.text:ti_sysbios_family_arm_m3_Hwi_Object__destruct__S)
                  1001be70    0000001c     mangled_BIOS_rom.obj (.text:ti_sysbios_family_arm_m3_Hwi_setPriority__E)
                  1001be8c    0000001c     mangled_BIOS_rom.obj (.text:ti_sysbios_gates_GateMutex_Instance_init__E)
                  1001bea8    0000001c     mangled_BIOS_rom.obj (.text:ti_sysbios_hal_Hwi_HwiProxy_create)
                  1001bec4    0000001c     mangled_BIOS_rom.obj (.text:ti_sysbios_knl_Clock_scheduleNextTick__E)
                  1001bee0    0000001c     mangled_BIOS_rom.obj (.text:ti_sysbios_knl_Mailbox_Object__destruct__S)
                  1001befc    0000001c     mangled_BIOS_rom.obj (.text:ti_sysbios_knl_Queue_Object__destruct__S)
                  1001bf18    0000001c     mangled_BIOS_rom.obj (.text:ti_sysbios_knl_Queue_get__E)
                  1001bf34    0000001c     mangled_BIOS_rom.obj (.text:ti_sysbios_knl_Queue_put__E)
                  1001bf50    0000001c     mangled_BIOS_rom.obj (.text:ti_sysbios_knl_Swi_Object__destruct__S)
                  1001bf6c    0000001c     mangled_BIOS_rom.obj (.text:ti_sysbios_knl_Task_Object__destruct__S)
                  1001bf88    0000001c     mangled_BIOS_rom.obj (.text:ti_sysbios_knl_Task_enter__I)
                  1001bfa4    0000001a     mangled_BIOS_rom.obj (.text:ti_sysbios_knl_Task_sleepTimeout__I)
                  1001bfbe    00000002     mangled_BIOS_rom.obj (.text:ti_sysbios_knl_Clock_triggerFunc__I)
                  1001bfc0    00000018     mangled_BIOS_rom.obj (.text:ti_sysbios_family_arm_m3_Hwi_plug__E)
                  1001bfd8    00000018     mangled_BIOS_rom.obj (.text:ti_sysbios_gates_GateMutex_leave__E)
                  1001bff0    00000018     mangled_BIOS_rom.obj (.text:ti_sysbios_knl_Task_unblock__E)
                  1001c008    00000016     mangled_BIOS_rom.obj (.text:ti_sysbios_knl_Clock_Instance_finalize__E)
                  1001c01e    00000016     mangled_BIOS_rom.obj (.text:ti_sysbios_knl_Clock_start__E)
                  1001c034    00000014     mangled_BIOS_rom.obj (.text:ti_sysbios_family_arm_m3_Hwi_switchFromBootStack__E)
                  1001c048    00000012     mangled_BIOS_rom.obj (.text:ti_sysbios_hal_Hwi_Module_startup__E)
                  1001c05a    00000002     mangled_BIOS_rom.obj (.text:ti_sysbios_knl_Swi_Instance_finalize__E)
                  1001c05c    00000010     mangled_BIOS_rom.obj (.text:ti_sysbios_BIOS_exit__E)
                  1001c06c    00000010     mangled_BIOS_rom.obj (.text:ti_sysbios_BIOS_getCpuFreq__E)
                  1001c07c    00000010     mangled_BIOS_rom.obj (.text:ti_sysbios_BIOS_setThreadType__E)
                  1001c08c    00000010     mangled_BIOS_rom.obj (.text:ti_sysbios_BIOS_start__E)
                  1001c09c    00000010     mangled_BIOS_rom.obj (.text:ti_sysbios_gates_GateMutex_Instance_finalize__E)
                  1001c0ac    00000010     mangled_BIOS_rom.obj (.text:ti_sysbios_hal_Hwi_HwiProxy_Object__create__S)
                  1001c0bc    00000010     mangled_BIOS_rom.obj (.text:ti_sysbios_knl_Clock_TimerProxy_getCurrentTick__E)
                  1001c0cc    00000010     mangled_BIOS_rom.obj (.text:ti_sysbios_knl_Clock_TimerProxy_getMaxTicks__E)
                  1001c0dc    00000010     mangled_BIOS_rom.obj (.text:ti_sysbios_knl_Clock_TimerProxy_setNextTick__E)
                  1001c0ec    00000010     mangled_BIOS_rom.obj (.text:ti_sysbios_knl_Semaphore_Instance_finalize__E)
                  1001c0fc    00000010     mangled_BIOS_rom.obj (.text:ti_sysbios_knl_Swi_disable__E)
                  1001c10c    00000010     mangled_BIOS_rom.obj (.text:ti_sysbios_knl_Swi_enabled__E)
                  1001c11c    00000010     mangled_BIOS_rom.obj (.text:ti_sysbios_knl_Task_disable__E)
                  1001c12c    0000000e     mangled_BIOS_rom.obj (.text:ti_sysbios_heaps_HeapMem_restore__E)
                  1001c13a    0000000e     mangled_BIOS_rom.obj (.text:ti_sysbios_knl_Queue_empty__E)
                  1001c148    0000000e     mangled_BIOS_rom.obj (.text:ti_sysbios_knl_Queue_remove__E)
                  1001c156    0000000c     mangled_BIOS_rom.obj (.text:ti_sysbios_family_arm_cc26xx_TimestampProvider_getFreq__E)
                  1001c162    00000002     --HOLE-- [fill = 0]
                  1001c164    0000000c     mangled_BIOS_rom.obj (.text:ti_sysbios_family_arm_m3_Hwi_Params__init__S)
                  1001c170    0000000c     mangled_BIOS_rom.obj (.text:ti_sysbios_family_arm_m3_Hwi_disableFxn__E)
                  1001c17c    0000000c     mangled_BIOS_rom.obj (.text:ti_sysbios_family_arm_m3_Hwi_enableFxn__E)
                  1001c188    0000000c     mangled_BIOS_rom.obj (.text:ti_sysbios_family_arm_m3_TaskSupport_getStackAlignment__E)
                  1001c194    0000000c     mangled_BIOS_rom.obj (.text:ti_sysbios_gates_GateHwi_enter__E)
                  1001c1a0    0000000c     mangled_BIOS_rom.obj (.text:ti_sysbios_gates_GateMutex_Params__init__S)
                  1001c1ac    0000000c     mangled_BIOS_rom.obj (.text:ti_sysbios_knl_Clock_Params__init__S)
                  1001c1b8    0000000c     mangled_BIOS_rom.obj (.text:ti_sysbios_knl_Clock_getTimerHandle__E)
                  1001c1c4    0000000c     mangled_BIOS_rom.obj (.text:ti_sysbios_knl_Mailbox_Params__init__S)
                  1001c1d0    0000000c     mangled_BIOS_rom.obj (.text:ti_sysbios_knl_Queue_dequeue__E)
                  1001c1dc    0000000c     mangled_BIOS_rom.obj (.text:ti_sysbios_knl_Queue_enqueue__E)
                  1001c1e8    0000000c     mangled_BIOS_rom.obj (.text:ti_sysbios_knl_Semaphore_Params__init__S)
                  1001c1f4    0000000c     mangled_BIOS_rom.obj (.text:ti_sysbios_knl_Swi_Params__init__S)
                  1001c200    0000000c     mangled_BIOS_rom.obj (.text:ti_sysbios_knl_Task_Params__init__S)
                  1001c20c    0000000c     mangled_BIOS_rom.obj (.text:ti_sysbios_knl_Task_self__E)
                  1001c218    0000000a     mangled_BIOS_rom.obj (.text:ti_sysbios_hal_Hwi_Instance_finalize__E)
                  1001c222    00000008     mangled_BIOS_rom.obj (.text:ti_sysbios_family_arm_m3_Hwi_doSwiRestore__I)
                  1001c22a    00000008     mangled_BIOS_rom.obj (.text:ti_sysbios_family_arm_m3_Hwi_startup__E)
                  1001c232    00000008     mangled_BIOS_rom.obj (.text:ti_sysbios_knl_Idle_loop__E)
                  1001c23a    00000006     mangled_BIOS_rom.obj (.text:ti_sysbios_family_arm_m3_Hwi_doTaskRestore__I)
                  1001c240    00000006     mangled_BIOS_rom.obj (.text:ti_sysbios_family_arm_m3_Hwi_restoreFxn__E)
                  1001c246    00000006     mangled_BIOS_rom.obj (.text:ti_sysbios_gates_GateHwi_leave__E)
                  1001c24c    00000006     mangled_BIOS_rom.obj (.text:ti_sysbios_heaps_HeapMem_isBlocking__E)
                  1001c252    00000006     mangled_BIOS_rom.obj (.text:ti_sysbios_knl_Queue_Instance_init__E)
                  1001c258    00000006     mangled_BIOS_rom.obj (.text:ti_sysbios_knl_Queue_elemClear__E)
                  1001c25e    00000006     mangled_BIOS_rom.obj (.text:ti_sysbios_knl_Swi_Module_startup__E)
                  1001c264    00000006     mangled_BIOS_rom.obj (.text:ti_sysbios_knl_Swi_startup__E)
                  1001c26a    00000006     mangled_BIOS_rom.obj (.text:ti_sysbios_knl_Task_enable__E)
                  1001c270    00000004     mangled_BIOS_rom.obj (.text:ti_sysbios_BIOS_RtsGateProxy_enter__E)
                  1001c274    00000004     mangled_BIOS_rom.obj (.text:ti_sysbios_BIOS_RtsGateProxy_leave__E)
                  1001c278    00000004     mangled_BIOS_rom.obj (.text:ti_sysbios_family_arm_cc26xx_Timer_getExpiredTicks__E)
                  1001c27c    00000004     mangled_BIOS_rom.obj (.text:ti_sysbios_family_arm_cc26xx_Timer_getPeriod__E)
                  1001c280    00000004     mangled_BIOS_rom.obj (.text:ti_sysbios_family_arm_cc26xx_Timer_setPeriod__E)
                  1001c284    00000004     mangled_BIOS_rom.obj (.text:ti_sysbios_family_arm_m3_Hwi_delete)
                  1001c288    00000004     mangled_BIOS_rom.obj (.text:ti_sysbios_family_arm_m3_Hwi_destruct)
                  1001c28c    00000004     mangled_BIOS_rom.obj (.text:ti_sysbios_family_arm_m3_TaskSupport_Module__startupDone__S)
                  1001c290    00000004     mangled_BIOS_rom.obj (.text:ti_sysbios_gates_GateHwi_query__E)
                  1001c294    00000004     mangled_BIOS_rom.obj (.text:ti_sysbios_gates_GateMutex_delete)
                  1001c298    00000004     mangled_BIOS_rom.obj (.text:ti_sysbios_gates_GateMutex_destruct)
                  1001c29c    00000004     mangled_BIOS_rom.obj (.text:ti_sysbios_gates_GateMutex_query__E)
                  1001c2a0    00000004     mangled_BIOS_rom.obj (.text:ti_sysbios_hal_Hwi_HwiProxy_delete)
                  1001c2a4    00000004     mangled_BIOS_rom.obj (.text:ti_sysbios_hal_Hwi_delete)
                  1001c2a8    00000004     mangled_BIOS_rom.obj (.text:ti_sysbios_heaps_HeapMem_Module_GateProxy_enter__E)
                  1001c2ac    00000004     mangled_BIOS_rom.obj (.text:ti_sysbios_heaps_HeapMem_Module_GateProxy_leave__E)
                  1001c2b0    00000004     mangled_BIOS_rom.obj (.text:ti_sysbios_knl_Clock_TimerProxy_getExpiredTicks__E)
                  1001c2b4    00000004     mangled_BIOS_rom.obj (.text:ti_sysbios_knl_Clock_TimerProxy_getPeriod__E)
                  1001c2b8    00000004     mangled_BIOS_rom.obj (.text:ti_sysbios_knl_Clock_delete)
                  1001c2bc    00000004     mangled_BIOS_rom.obj (.text:ti_sysbios_knl_Clock_destruct)
                  1001c2c0    00000004     mangled_BIOS_rom.obj (.text:ti_sysbios_knl_Clock_removeI__E)
                  1001c2c4    00000004     mangled_BIOS_rom.obj (.text:ti_sysbios_knl_Clock_setTimeout__E)
                  1001c2c8    00000004     mangled_BIOS_rom.obj (.text:ti_sysbios_knl_Mailbox_delete)
                  1001c2cc    00000004     mangled_BIOS_rom.obj (.text:ti_sysbios_knl_Mailbox_destruct)
                  1001c2d0    00000004     mangled_BIOS_rom.obj (.text:ti_sysbios_knl_Queue_delete)
                  1001c2d4    00000004     mangled_BIOS_rom.obj (.text:ti_sysbios_knl_Queue_destruct)
                  1001c2d8    00000004     mangled_BIOS_rom.obj (.text:ti_sysbios_knl_Queue_head__E)
                  1001c2dc    00000004     mangled_BIOS_rom.obj (.text:ti_sysbios_knl_Queue_next__E)
                  1001c2e0    00000004     mangled_BIOS_rom.obj (.text:ti_sysbios_knl_Semaphore_delete)
                  1001c2e4    00000004     mangled_BIOS_rom.obj (.text:ti_sysbios_knl_Semaphore_destruct)
                  1001c2e8    00000004     mangled_BIOS_rom.obj (.text:ti_sysbios_knl_Swi_delete)
                  1001c2ec    00000004     mangled_BIOS_rom.obj (.text:ti_sysbios_knl_Swi_destruct)
                  1001c2f0    00000004     mangled_BIOS_rom.obj (.text:ti_sysbios_knl_Swi_postInit__I)
                  1001c2f4    00000004     mangled_BIOS_rom.obj (.text:ti_sysbios_knl_Task_delete)
                  1001c2f8    00000004     mangled_BIOS_rom.obj (.text:ti_sysbios_knl_Task_destruct)
                  1001c2fc    00000004     mangled_BIOS_rom.obj (.text:ti_sysbios_knl_Task_startup__E)

.sysbios_rom_text 
*          0    1001c300    00000584     
                  1001c300    000000f8     mangled_BIOS_rom.obj (.text:xdc_runtime_Startup_startMods__I)
                  1001c3f8    00000080     mangled_BIOS_rom.obj (.text:xdc_runtime_Core_createObject__I)
                  1001c478    0000006c     mangled_BIOS_rom.obj (.text:xdc_runtime_Memory_alloc__E)
                  1001c4e4    0000005e     mangled_BIOS_rom.obj (.text:xdc_runtime_Core_deleteObject__I)
                  1001c542    00000002     mangled_BIOS_rom.obj (.text:xdc_runtime_Error_policySpin__E)
                  1001c544    00000050     mangled_BIOS_rom.obj (.text:xdc_runtime_Startup_exec__E)
                  1001c594    00000048     mangled_BIOS_rom.obj (.text:xdc_runtime_Assert_raise__I)
                  1001c5dc    00000048     mangled_BIOS_rom.obj (.text:xdc_runtime_Core_assignParams__I)
                  1001c624    00000048     mangled_BIOS_rom.obj (.text:xdc_runtime_Core_constructObject__I)
                  1001c66c    00000038     mangled_BIOS_rom.obj (.text:xdc_runtime_System_atexit__E)
                  1001c6a4    00000034     mangled_BIOS_rom.obj (.text:xdc_runtime_Core_assignLabel__I)
                  1001c6d8    00000034     mangled_BIOS_rom.obj (.text:xdc_runtime_System_processAtExit__E)
                  1001c70c    0000002c     mangled_BIOS_rom.obj (.text:xdc_runtime_Text_cordText__E)
                  1001c738    00000020     mangled_BIOS_rom.obj (.text:xdc_runtime_System_abort__E)
                  1001c758    0000001c     mangled_BIOS_rom.obj (.text:xdc_runtime_Error_raiseX__E)
                  1001c774    0000001c     mangled_BIOS_rom.obj (.text:xdc_runtime_Memory_valloc__E)
                  1001c790    00000018     mangled_BIOS_rom.obj (.text:xdc_runtime_Core_destructObject__I)
                  1001c7a8    00000018     mangled_BIOS_rom.obj (.text:xdc_runtime_Error_check__E)
                  1001c7c0    00000018     mangled_BIOS_rom.obj (.text:xdc_runtime_System_exit__E)
                  1001c7d8    00000018     mangled_BIOS_rom.obj (.text:xdc_runtime_Text_ropeText__E)
                  1001c7f0    00000010     mangled_BIOS_rom.obj (.text:xdc_runtime_Memory_free__E)
                  1001c800    00000010     mangled_BIOS_rom.obj (.text:xdc_runtime_SysCallback_abort__E)
                  1001c810    00000010     mangled_BIOS_rom.obj (.text:xdc_runtime_SysCallback_exit__E)
                  1001c820    00000010     mangled_BIOS_rom.obj (.text:xdc_runtime_Timestamp_SupportProxy_get32__E)
                  1001c830    0000000c     mangled_BIOS_rom.obj (.text:xdc_runtime_Error_init__E)
                  1001c83c    0000000c     mangled_BIOS_rom.obj (.text:xdc_runtime_Memory_calloc__E)
                  1001c848    0000000c     mangled_BIOS_rom.obj (.text:xdc_runtime_Memory_getMaxDefaultTypeAlign__E)
                  1001c854    0000000a     mangled_BIOS_rom.obj (.text:xdc_runtime_IHeap_alloc$64)
                  1001c85e    0000000a     mangled_BIOS_rom.obj (.text:xdc_runtime_IHeap_free$64)
                  1001c868    00000006     mangled_BIOS_rom.obj (.text:xdc_runtime_Gate_leaveSystem__E)
                  1001c86e    00000006     mangled_BIOS_rom.obj (.text:xdc_runtime_System_Module_startup__E)
                  1001c874    00000004     mangled_BIOS_rom.obj (.text:xdc_runtime_Gate_enterSystem__E)
                  1001c878    00000004     mangled_BIOS_rom.obj (.text:xdc_runtime_System_Module_GateProxy_enter__E)
                  1001c87c    00000004     mangled_BIOS_rom.obj (.text:xdc_runtime_System_Module_GateProxy_leave__E)
                  1001c880    00000002     mangled_BIOS_rom.obj (.text:xdc_runtime_System_abortSpin__E)
                  1001c882    00000002     mangled_BIOS_rom.obj (.text:xdc_runtime_System_exitSpin__E)

.sysbios_rom_text 
*          0    1001c884    000001dc     
                  1001c884    000000d0     arm_m3_Hwi_asm_rom.obj (.text:ti_sysbios_family_arm_m3_Hwi_dispatch__I)
                  1001c954    0000004c     arm_m3_TaskSupport_asm_rom.obj (.text:ti_sysbios_family_arm_m3_TaskSupport_buildTaskStack)
                  1001c9a0    00000048     arm_m3_Hwi_asm_switch_rom.obj (.text:ti_sysbios_family_arm_m3_Hwi_initStacks__E)
                  1001c9e8    00000020     arm_m3_Hwi_asm_rom.obj (.text:ti_sysbios_family_arm_m3_Hwi_excHandlerAsm__I)
                  1001ca08    0000001e     arm_m3_Hwi_asm_switch_rom.obj (.text:ti_sysbios_family_xxx_Hwi_switchAndRunFunc)
                  1001ca26    0000001a     arm_m3_Hwi_asm_rom.obj (.text:ti_sysbios_family_arm_m3_Hwi_pendSV__I)
                  1001ca40    00000010     arm_m3_TaskSupport_asm_rom.obj (.text:ti_sysbios_family_arm_m3_TaskSupport_glue)
                  1001ca50    00000010     arm_m3_TaskSupport_asm_rom.obj (.text:ti_sysbios_family_arm_m3_TaskSupport_swap__E)

.sysbios_rom_text 
*          0    1001ca60    0000002e     
                  1001ca60    00000018     CC13xx.obj (.text:memcpy)
                  1001ca78    00000016     CC13xx.obj (.text:memset)

.sysbios_rom_text 
*          0    1001ca8e    00000004     
                  1001ca8e    00000004     CC13xx.obj (.text:ti_sysbios_rom_cortexm_cc13xx_CC13xx_getRevision__E)

.vecs      0    20000000    000000dc     UNINITIALIZED
                  20000000    000000dc     CC13xx_pem3.obj (.vecs)

.sysbios_rom_data 
*          0    20000100    000000f0     
                  20000100    00000044     CC13xx_pem3.obj (.data:ti_sysbios_knl_Task_Module__state__V)
                  20000144    00000034     CC13xx_pem3.obj (.data:ti_sysbios_family_arm_m3_Hwi_Module__state__V)
                  20000178    0000002c     CC13xx_pem3.obj (.data:ti_sysbios_knl_Clock_Module__state__V)
                  200001a4    00000024     CC13xx_pem3.obj (.data:ti_sysbios_BIOS_Module__state__V)
                  200001c8    0000001c     CC13xx_pem3.obj (.data:ti_sysbios_knl_Swi_Module__state__V)
                  200001e4    00000008     CC13xx_pem3.obj (.data:ti_sysbios_family_arm_cc26xx_Timer_Module__state__V)
                  200001ec    00000004     CC13xx_pem3.obj (.data:ti_sysbios_family_arm_cc26xx_TimestampProvider_Module__state__V)

.sysbios_rom_data 
*          0    200001f0    00000014     
                  200001f0    00000008     CC13xx_pem3.obj (.data:xdc_runtime_Startup_Module__state__V)
                  200001f8    00000008     CC13xx_pem3.obj (.data:xdc_runtime_System_Module__state__V)
                  20000200    00000004     CC13xx_pem3.obj (.data:xdc_runtime_Memory_Module__state__V)

xdc.meta   0    00000000    000000f6     COPY SECTION
                  00000000    000000f6     CC13xx_pem3.obj (xdc.meta)

xdc.noload 
*          0    00000000    00000000     COPY SECTION

.TI.noinit 
*          0    20000600    00000000     UNINITIALIZED

.TI.persistent 
*          0    20000f20    00000000     UNINITIALIZED


FAR CALL TRAMPOLINES

callee name               trampoline name
   callee addr  tramp addr   call addr  call info
--------------  -----------  ---------  ----------------
xdc_runtime_System_exit__E  $Tramp$TT$L$PI$$xdc_runtime_System_exit__E
   1001c7c1     00002478     00002120   boot.aem3 : boot.oem3 (.text)
memcpy                    $Tramp$TT$L$PI$$memcpy
   1001ca61     00002480     00002094   rtsv7M3_T_le_eabi.lib : cpy_tbl.obj (.text)
ti_sysbios_knl_Clock_start__E  $Tramp$TT$L$PI$$ti_sysbios_knl_Clock_start__E
   1001c01f     00002488     00001d3e   CC13xx.obj (.text:main)
ti_sysbios_knl_Semaphore_post__E  $Tramp$TT$L$PI$$ti_sysbios_knl_Semaphore_post__E
   1001abed     00002490     00001d38   CC13xx.obj (.text:main)
ti_sysbios_knl_Semaphore_pend__E  $Tramp$TT$L$PI$$ti_sysbios_knl_Semaphore_pend__E
   1001a001     00002498     00001d32   CC13xx.obj (.text:main)
ti_sysbios_knl_Swi_construct  $Tramp$TT$L$PI$$ti_sysbios_knl_Swi_construct
   1001b091     000024a0     00001d28   CC13xx.obj (.text:main)
ti_sysbios_family_arm_m3_Hwi_construct  $Tramp$TT$L$PI$$ti_sysbios_family_arm_m3_Hwi_construct
   1001ae85     000024a8     00001d1c   CC13xx.obj (.text:main)
ti_sysbios_knl_Clock_construct  $Tramp$TT$L$PI$$ti_sysbios_knl_Clock_construct
   1001b581     000024b0     00001d0c   CC13xx.obj (.text:main)
ti_sysbios_knl_Semaphore_construct  $Tramp$TT$L$PI$$ti_sysbios_knl_Semaphore_construct
   1001b715     000024b8     00001d00   CC13xx.obj (.text:main)
ti_sysbios_knl_Task_construct  $Tramp$TT$L$PI$$ti_sysbios_knl_Task_construct
   1001b131     000024c0     00001cf6   CC13xx.obj (.text:main)
ti_sysbios_knl_Swi_create  $Tramp$TT$L$PI$$ti_sysbios_knl_Swi_create
   1001af35     000024c8     00001cea   CC13xx.obj (.text:main)
ti_sysbios_family_arm_m3_Hwi_create  $Tramp$TT$L$PI$$ti_sysbios_family_arm_m3_Hwi_create
   1001ac51     000024d0     00001ce0   CC13xx.obj (.text:main)
ti_sysbios_knl_Clock_create  $Tramp$TT$L$PI$$ti_sysbios_knl_Clock_create
   1001b515     000024d8     00001cd4   CC13xx.obj (.text:main)
ti_sysbios_knl_Semaphore_create  $Tramp$TT$L$PI$$ti_sysbios_knl_Semaphore_create
   1001b5e9     000024e0     00001cc8   CC13xx.obj (.text:main)
ti_sysbios_knl_Task_create  $Tramp$TT$L$PI$$ti_sysbios_knl_Task_create
   1001afe5     000024e8     00001cbe   CC13xx.obj (.text:main)
ti_sysbios_knl_Swi_Params__init__S  $Tramp$TT$L$PI$$ti_sysbios_knl_Swi_Params__init__S
   1001c1f5     000024f0     00001cb2   CC13xx.obj (.text:main)
ti_sysbios_family_arm_m3_Hwi_Params__init__S  $Tramp$TT$L$PI$$ti_sysbios_family_arm_m3_Hwi_Params__init__S
   1001c165     000024f8     00001ca6   CC13xx.obj (.text:main)
ti_sysbios_knl_Semaphore_Params__init__S  $Tramp$TT$L$PI$$ti_sysbios_knl_Semaphore_Params__init__S
   1001c1e9     00002500     00001c9a   CC13xx.obj (.text:main)
ti_sysbios_knl_Clock_Params__init__S  $Tramp$TT$L$PI$$ti_sysbios_knl_Clock_Params__init__S
   1001c1ad     00002508     00001c8e   CC13xx.obj (.text:main)
ti_sysbios_knl_Task_Params__init__S  $Tramp$TT$L$PI$$ti_sysbios_knl_Task_Params__init__S
   1001c201     00002510     00001c82   CC13xx.obj (.text:main)
ti_sysbios_BIOS_start__E  $Tramp$TT$L$PI$$ti_sysbios_BIOS_start__E
   1001c08d     00002518     00001c76   CC13xx.obj (.text:main)
xdc_runtime_SysCallback_exit__E  $Tramp$TT$L$PI$$xdc_runtime_SysCallback_exit__E
   1001c811     000027a4     0000279a   CC13xx_pem3.obj (.text:xdc_runtime_System_SupportProxy_exit__E)
xdc_runtime_SysCallback_abort__E  $Tramp$TT$L$PI$$xdc_runtime_SysCallback_abort__E
   1001c801     000027ac     0000278e   CC13xx_pem3.obj (.text:xdc_runtime_System_SupportProxy_abort__E)
xdc_runtime_System_exit__E  $Tramp$TT$L$PI$$xdc_runtime_System_exit__E
   1001c7c1     000027b4     000026fc   CC13xx_pem3.obj (.text:ti_sysbios_BIOS_exitFunc__I)
ti_sysbios_knl_Swi_post__E  $Tramp$TT$L$PI$$ti_sysbios_knl_Swi_post__E
   1001b329     000027bc     000026c8   CC13xx_pem3.obj (.text:ti_sysbios_knl_Clock_doTick__I)
ti_sysbios_knl_Clock_logTick__E  $Tramp$TT$L$PI$$ti_sysbios_knl_Clock_logTick__E
   1001ba7b     000027c4     000026c0   CC13xx_pem3.obj (.text:ti_sysbios_knl_Clock_doTick__I)
ti_sysbios_knl_Task_startup__E  $Tramp$TT$L$PI$$ti_sysbios_knl_Task_startup__E
   1001c2fd     000027cc     00002674   CC13xx_pem3.obj (.text:ti_sysbios_BIOS_startFunc__I)
ti_sysbios_knl_Swi_startup__E  $Tramp$TT$L$PI$$ti_sysbios_knl_Swi_startup__E
   1001c265     000027d4     00002670   CC13xx_pem3.obj (.text:ti_sysbios_BIOS_startFunc__I)
ti_sysbios_hal_Hwi_startup__E  $Tramp$TT$L$PI$$ti_sysbios_hal_Hwi_startup__E
   1001c22b     000027dc     0000266c   CC13xx_pem3.obj (.text:ti_sysbios_BIOS_startFunc__I)
ti_sysbios_family_arm_cc26xx_Timer_startup__E  $Tramp$TT$L$PI$$ti_sysbios_family_arm_cc26xx_Timer_startup__E
   1001b7a1     000027e4     00002668   CC13xx_pem3.obj (.text:ti_sysbios_BIOS_startFunc__I)
xdc_runtime_System_atexit__E  $Tramp$TT$L$PI$$xdc_runtime_System_atexit__E
   1001c66d     000027ec     00002660   CC13xx_pem3.obj (.text:ti_sysbios_BIOS_startFunc__I)
ti_sysbios_BIOS_RtsGateProxy_leave__E  $Tramp$TT$L$PI$$ti_sysbios_BIOS_RtsGateProxy_leave__E
   1001c275     000027f4     00002624   CC13xx_pem3.obj (.text:ti_sysbios_BIOS_rtsUnlock__I)
ti_sysbios_BIOS_RtsGateProxy_enter__E  $Tramp$TT$L$PI$$ti_sysbios_BIOS_RtsGateProxy_enter__E
   1001c271     000027fc     000025e2   CC13xx_pem3.obj (.text:ti_sysbios_BIOS_rtsLock__I)
ti_sysbios_BIOS_setThreadType__E  $Tramp$TT$L$PI$$ti_sysbios_BIOS_setThreadType__E
   1001c07d     00002804     000025ba   CC13xx_pem3.obj (.text:ti_sysbios_BIOS_atExitFunc__I)
                             000026f6   CC13xx_pem3.obj (.text:ti_sysbios_BIOS_exitFunc__I)
ti_sysbios_knl_Task_disable__E  $Tramp$TT$L$PI$$ti_sysbios_knl_Task_disable__E
   1001c11d     0000280c     000025b4   CC13xx_pem3.obj (.text:ti_sysbios_BIOS_atExitFunc__I)
ti_sysbios_knl_Swi_disable__E  $Tramp$TT$L$PI$$ti_sysbios_knl_Swi_disable__E
   1001c0fd     00002814     000025b0   CC13xx_pem3.obj (.text:ti_sysbios_BIOS_atExitFunc__I)
ti_sysbios_knl_Clock_scheduleNextTick__E  $Tramp$TT$L$PI$$ti_sysbios_knl_Clock_scheduleNextTick__E
   1001bec5     00002a50     0000289a   mangled_BIOS_rom.obj (.text:ti_sysbios_knl_Clock_workFuncDynamic__E__mangled__)
ti_sysbios_knl_Clock_walkQueueDynamic__E  $Tramp$TT$L$PI$$ti_sysbios_knl_Clock_walkQueueDynamic__E
   1001a819     00002a58     00002862   mangled_BIOS_rom.obj (.text:ti_sysbios_knl_Clock_workFuncDynamic__E__mangled__)
                             0000287e   mangled_BIOS_rom.obj (.text:ti_sysbios_knl_Clock_workFuncDynamic__E__mangled__)
ti_sysbios_knl_Clock_TimerProxy_getCurrentTick__E  $Tramp$TT$L$PI$$ti_sysbios_knl_Clock_TimerProxy_getCurrentTick__E
   1001c0bd     00002a60     00002830   mangled_BIOS_rom.obj (.text:ti_sysbios_knl_Clock_workFuncDynamic__E__mangled__)

[39 trampolines]
[41 trampoline calls]


GLOBAL SYMBOLS: SORTED ALPHABETICALLY BY Name 

address   name                                                                      
-------   ----                                                                      
00002139  C$$EXIT                                                                   
000021fd  ChipInfo_GetChipFamily                                                    
00001ef9  ChipInfo_GetHwRevision                                                    
00002239  NOROM_AONEventMcuWakeUpSet                                                
000023ed  NOROM_AONRTCCurrent64BitValueGet                                          
00002457  NOROM_CPUcpsid                                                            
00002463  NOROM_CPUcpsie                                                            
0000217d  NOROM_DDI16BitfieldRead                                                   
000020ad  NOROM_DDI16BitfieldWrite                                                  
000021bd  NOROM_IntPendClear                                                        
000022f9  NOROM_OSCClockSourceGet                                                   
00002015  NOROM_OSCClockSourceSet                                                   
UNDEFED   SHT$$INIT_ARRAY$$Base                                                     
UNDEFED   SHT$$INIT_ARRAY$$Limit                                                    
00002449  SignExtendVddrTrimValue                                                   
00002401  ThisCodeIsBuiltForCC26xxHwRev22AndLater_HaltIfViolated                    
00000000  __ASM__                                                                   
00000070  __ISA__                                                                   
00000082  __PLAT__                                                                  
20005000  __STACK_END                                                               
00001000  __STACK_SIZE                                                              
20005000  __STACK_TOP                                                               
000000a9  __TARG__                                                                  
UNDEFED   __TI_CINIT_Base                                                           
UNDEFED   __TI_CINIT_Limit                                                          
UNDEFED   __TI_Handler_Table_Base                                                   
UNDEFED   __TI_Handler_Table_Limit                                                  
00001d4d  __TI_auto_init                                                            
20001218  __TI_cleanup_ptr                                                          
2000121c  __TI_dtors_ptr                                                            
00000000  __TI_static_base__                                                        
000000ce  __TRDR__                                                                  
000023d5  __aeabi_lmul                                                              
00001a7d  __aeabi_uldivmod                                                          
ffffffff  __binit__                                                                 
ffffffff  __c_args__                                                                
0001ffa8  __ccfg                                                                    
20004000  __stack                                                                   
0000246f  __xdc__init                                                               
2000100c  __xdc__init__addr                                                         
000023bd  _args_main                                                                
000020f5  _c_int00                                                                  
20001210  _lock                                                                     
00002423  _nop                                                                      
0000241b  _register_lock                                                            
00002415  _register_unlock                                                          
20001214  _unlock                                                                   
0000213d  abort                                                                     
ffffffff  binit                                                                     
00002061  copy_in                                                                   
00002145  exit                                                                      
00001c71  main                                                                      
2000115c  main_func_sp                                                              
1001ca61  memcpy                                                                    
1001ca79  memset                                                                    
00002475  smallErrorPolicy                                                          
200001a4  ti_sysbios_BIOS_Module__state__V                                          
1001bc35  ti_sysbios_BIOS_RtsGateProxy_Handle__label__S                             
1001bac5  ti_sysbios_BIOS_RtsGateProxy_Object__delete__S                            
1001c1a1  ti_sysbios_BIOS_RtsGateProxy_Params__init__S                              
1001c271  ti_sysbios_BIOS_RtsGateProxy_enter__E                                     
1001c275  ti_sysbios_BIOS_RtsGateProxy_leave__E                                     
1001c29d  ti_sysbios_BIOS_RtsGateProxy_query__E                                     
000025ad  ti_sysbios_BIOS_atExitFunc__I                                             
000026ed  ti_sysbios_BIOS_exitFunc__I                                               
1001c05d  ti_sysbios_BIOS_exit__E                                                   
1001c06d  ti_sysbios_BIOS_getCpuFreq__E                                             
00002703  ti_sysbios_BIOS_nullFunc__I                                               
00002639  ti_sysbios_BIOS_registerRTSLock__I                                        
00002681  ti_sysbios_BIOS_removeRTSLock__I                                          
000025dd  ti_sysbios_BIOS_rtsLock__I                                                
0000260d  ti_sysbios_BIOS_rtsUnlock__I                                              
1001c07d  ti_sysbios_BIOS_setThreadType__E                                          
0000265d  ti_sysbios_BIOS_startFunc__I                                              
1001c08d  ti_sysbios_BIOS_start__E                                                  
00001ded  ti_sysbios_family_arm_cc26xx_Boot_trimDevice                              
00001400  ti_sysbios_family_arm_cc26xx_Timer_Module__id__C                          
20000f20  ti_sysbios_family_arm_cc26xx_Timer_Module__root__V                        
1001bb55  ti_sysbios_family_arm_cc26xx_Timer_Module__startupDone__S                 
200001e4  ti_sysbios_family_arm_cc26xx_Timer_Module__state__V                       
1001ba7d  ti_sysbios_family_arm_cc26xx_Timer_Module_startup__E                      
20001160  ti_sysbios_family_arm_cc26xx_Timer_Object__table__V                       
00002705  ti_sysbios_family_arm_cc26xx_Timer_dynamicStub__E                         
00002a11  ti_sysbios_family_arm_cc26xx_Timer_dynamicStub__E__mangled__              
00002711  ti_sysbios_family_arm_cc26xx_Timer_getCount64__E                          
00002a4d  ti_sysbios_family_arm_cc26xx_Timer_getCount64__E__mangled__               
0000271d  ti_sysbios_family_arm_cc26xx_Timer_getCurrentTick__E                      
00002909  ti_sysbios_family_arm_cc26xx_Timer_getCurrentTick__E__mangled__           
1001c279  ti_sysbios_family_arm_cc26xx_Timer_getExpiredTicks__E                     
00002729  ti_sysbios_family_arm_cc26xx_Timer_getMaxTicks__E                         
000029c1  ti_sysbios_family_arm_cc26xx_Timer_getMaxTicks__E__mangled__              
1001c27d  ti_sysbios_family_arm_cc26xx_Timer_getPeriod__E                           
00002735  ti_sysbios_family_arm_cc26xx_Timer_initDevice__I                          
000029e9  ti_sysbios_family_arm_cc26xx_Timer_initDevice__I__mangled__               
1001a3d5  ti_sysbios_family_arm_cc26xx_Timer_periodicStub__E                        
1001b775  ti_sysbios_family_arm_cc26xx_Timer_postInit__I                            
00002741  ti_sysbios_family_arm_cc26xx_Timer_setNextTick__E                         
00002949  ti_sysbios_family_arm_cc26xx_Timer_setNextTick__E__mangled__              
1001c281  ti_sysbios_family_arm_cc26xx_Timer_setPeriod__E                           
0000274d  ti_sysbios_family_arm_cc26xx_Timer_setThreshold__I                        
00002989  ti_sysbios_family_arm_cc26xx_Timer_setThreshold__I__mangled__             
00002759  ti_sysbios_family_arm_cc26xx_Timer_start__E                               
000028b5  ti_sysbios_family_arm_cc26xx_Timer_start__E__mangled__                    
00001380  ti_sysbios_family_arm_cc26xx_Timer_startupNeeded__C                       
1001b7a1  ti_sysbios_family_arm_cc26xx_Timer_startup__E                             
200001ec  ti_sysbios_family_arm_cc26xx_TimestampProvider_Module__state__V           
1001bb75  ti_sysbios_family_arm_cc26xx_TimestampProvider_Module_startup__E          
00002765  ti_sysbios_family_arm_cc26xx_TimestampProvider_get32__E                   
00002a31  ti_sysbios_family_arm_cc26xx_TimestampProvider_get32__E__mangled__        
1001b9dd  ti_sysbios_family_arm_cc26xx_TimestampProvider_get64__E                   
1001c157  ti_sysbios_family_arm_cc26xx_TimestampProvider_getFreq__E                 
00001402  ti_sysbios_family_arm_cc26xx_TimestampProvider_useClockTimer__C           
00001384  ti_sysbios_family_arm_m3_Hwi_E_alreadyDefined__C                          
00001388  ti_sysbios_family_arm_m3_Hwi_E_hwiLimitExceeded__C                        
1001ad71  ti_sysbios_family_arm_m3_Hwi_Instance_finalize__E                         
1001a471  ti_sysbios_family_arm_m3_Hwi_Instance_init__E                             
20000f48  ti_sysbios_family_arm_m3_Hwi_Module_State_0_excActive__A                  
20000f4c  ti_sysbios_family_arm_m3_Hwi_Module_State_0_excContext__A                 
20000f50  ti_sysbios_family_arm_m3_Hwi_Module_State_0_excStack__A                   
00001404  ti_sysbios_family_arm_m3_Hwi_Module__id__C                                
20000f28  ti_sysbios_family_arm_m3_Hwi_Module__root__V                              
1001bb95  ti_sysbios_family_arm_m3_Hwi_Module__startupDone__S                       
20000144  ti_sysbios_family_arm_m3_Hwi_Module__state__V                             
1001b1cd  ti_sysbios_family_arm_m3_Hwi_Module_startup__E                            
0000138c  ti_sysbios_family_arm_m3_Hwi_NUM_INTERRUPTS__C                            
000011d0  ti_sysbios_family_arm_m3_Hwi_Object__DESC__C                              
[...]
1001bd95  ti_sysbios_knl_Queue_Object__get__S                                       
1001bdb5  ti_sysbios_knl_Semaphore_Object__destruct__S                              
1001bdd5  ti_sysbios_knl_Swi_Object__delete__S                                      
1001bdf5  ti_sysbios_knl_Task_Object__delete__S                                     
1001be15  ti_sysbios_knl_Task_Object__get__S                                        
1001be35  ti_sysbios_knl_Task_restoreHwi__E                                         
1001be55  ti_sysbios_family_arm_m3_Hwi_Object__destruct__S                          
1001be71  ti_sysbios_family_arm_m3_Hwi_setPriority__E                               
1001be8d  ti_sysbios_gates_GateMutex_Instance_init__E                               
1001bea9  ti_sysbios_hal_Hwi_HwiProxy_create                                        
1001bec5  ti_sysbios_knl_Clock_scheduleNextTick__E                                  
1001bee1  ti_sysbios_knl_Mailbox_Object__destruct__S                                
1001befd  ti_sysbios_knl_Queue_Object__destruct__S                                  
1001bf19  ti_sysbios_knl_Queue_get__E                                               
1001bf35  ti_sysbios_knl_Queue_put__E                                               
1001bf51  ti_sysbios_knl_Swi_Object__destruct__S                                    
1001bf6d  ti_sysbios_knl_Task_Object__destruct__S                                   
1001bf89  ti_sysbios_knl_Task_enter__I                                              
1001bfa5  ti_sysbios_knl_Task_sleepTimeout__I                                       
1001bfbf  ti_sysbios_knl_Clock_triggerFunc__I                                       
1001bfc1  ti_sysbios_family_arm_m3_Hwi_plug__E                                      
1001bfd9  ti_sysbios_gates_GateMutex_leave__E                                       
1001bff1  ti_sysbios_knl_Task_unblock__E                                            
1001c009  ti_sysbios_knl_Clock_Instance_finalize__E                                 
1001c01f  ti_sysbios_knl_Clock_start__E                                             
1001c035  ti_sysbios_family_arm_m3_Hwi_switchFromBootStack__E                       
1001c035  ti_sysbios_hal_Hwi_HwiProxy_switchFromBootStack__E                        
1001c035  ti_sysbios_hal_Hwi_switchFromBootStack__E                                 
1001c049  ti_sysbios_hal_Hwi_Module_startup__E                                      
1001c05b  ti_sysbios_knl_Swi_Instance_finalize__E                                   
1001c05d  ti_sysbios_BIOS_exit__E                                                   
1001c06d  ti_sysbios_BIOS_getCpuFreq__E                                             
1001c07d  ti_sysbios_BIOS_setThreadType__E                                          
1001c08d  ti_sysbios_BIOS_start__E                                                  
1001c09d  ti_sysbios_gates_GateMutex_Instance_finalize__E                           
1001c0ad  ti_sysbios_hal_Hwi_HwiProxy_Object__create__S                             
1001c0bd  ti_sysbios_knl_Clock_TimerProxy_getCurrentTick__E                         
1001c0cd  ti_sysbios_knl_Clock_TimerProxy_getMaxTicks__E                            
1001c0dd  ti_sysbios_knl_Clock_TimerProxy_setNextTick__E                            
1001c0ed  ti_sysbios_knl_Semaphore_Instance_finalize__E                             
1001c0fd  ti_sysbios_knl_Swi_disable__E                                             
1001c10d  ti_sysbios_knl_Swi_enabled__E                                             
1001c11d  ti_sysbios_knl_Task_disable__E                                            
1001c12d  ti_sysbios_heaps_HeapMem_restore__E                                       
1001c13b  ti_sysbios_knl_Queue_empty__E                                             
1001c149  ti_sysbios_knl_Queue_remove__E                                            
1001c157  ti_sysbios_family_arm_cc26xx_TimestampProvider_getFreq__E                 
1001c157  xdc_runtime_Timestamp_SupportProxy_getFreq__E                             
1001c157  xdc_runtime_Timestamp_getFreq__E                                          
1001c165  ti_sysbios_family_arm_m3_Hwi_Params__init__S                              
1001c165  ti_sysbios_hal_Hwi_HwiProxy_Params__init__S                               
1001c171  ti_sysbios_family_arm_m3_Hwi_disableFxn__E                                
1001c17d  ti_sysbios_family_arm_m3_Hwi_enableFxn__E                                 
1001c189  ti_sysbios_family_arm_m3_TaskSupport_getStackAlignment__E                 
1001c189  ti_sysbios_knl_Task_SupportProxy_getStackAlignment__E                     
1001c195  ti_sysbios_gates_GateHwi_enter__E                                         
1001c1a1  ti_sysbios_BIOS_RtsGateProxy_Params__init__S                              
1001c1a1  ti_sysbios_gates_GateMutex_Params__init__S                                
1001c1a1  ti_sysbios_heaps_HeapMem_Module_GateProxy_Params__init__S                 
1001c1ad  ti_sysbios_knl_Clock_Params__init__S                                      
1001c1b9  ti_sysbios_knl_Clock_getTimerHandle__E                                    
1001c1c5  ti_sysbios_knl_Mailbox_Params__init__S                                    
1001c1d1  ti_sysbios_knl_Queue_dequeue__E                                           
1001c1dd  ti_sysbios_knl_Queue_enqueue__E                                           
1001c1e9  ti_sysbios_knl_Semaphore_Params__init__S                                  
1001c1f5  ti_sysbios_knl_Swi_Params__init__S                                        
1001c201  ti_sysbios_knl_Task_Params__init__S                                       
1001c20d  ti_sysbios_knl_Task_self__E                                               
1001c219  ti_sysbios_hal_Hwi_Instance_finalize__E                                   
1001c223  ti_sysbios_family_arm_m3_Hwi_doSwiRestore__I                              
1001c22b  ti_sysbios_family_arm_m3_Hwi_startup__E                                   
1001c22b  ti_sysbios_hal_Hwi_HwiProxy_startup__E                                    
1001c22b  ti_sysbios_hal_Hwi_startup__E                                             
1001c233  ti_sysbios_knl_Idle_loop__E                                               
1001c23b  ti_sysbios_family_arm_m3_Hwi_doTaskRestore__I                             
1001c241  ti_sysbios_family_arm_m3_Hwi_restoreFxn__E                                
1001c247  ti_sysbios_gates_GateHwi_leave__E                                         
1001c24d  ti_sysbios_heaps_HeapMem_isBlocking__E                                    
1001c253  ti_sysbios_knl_Queue_Instance_init__E                                     
1001c259  ti_sysbios_knl_Queue_elemClear__E                                         
1001c25f  ti_sysbios_knl_Swi_Module_startup__E                                      
1001c265  ti_sysbios_knl_Swi_startup__E                                             
1001c26b  ti_sysbios_knl_Task_enable__E                                             
1001c271  ti_sysbios_BIOS_RtsGateProxy_enter__E                                     
1001c275  ti_sysbios_BIOS_RtsGateProxy_leave__E                                     
1001c279  ti_sysbios_family_arm_cc26xx_Timer_getExpiredTicks__E                     
1001c27d  ti_sysbios_family_arm_cc26xx_Timer_getPeriod__E                           
1001c281  ti_sysbios_family_arm_cc26xx_Timer_setPeriod__E                           
1001c285  ti_sysbios_family_arm_m3_Hwi_delete                                       
1001c289  ti_sysbios_family_arm_m3_Hwi_destruct                                     
1001c28d  ti_sysbios_family_arm_m3_TaskSupport_Module__startupDone__S               
1001c28d  ti_sysbios_knl_Task_SupportProxy_Module__startupDone__S                   
1001c291  ti_sysbios_gates_GateHwi_query__E                                         
1001c291  xdc_runtime_System_Module_GateProxy_query__E                              
1001c295  ti_sysbios_gates_GateMutex_delete                                         
1001c299  ti_sysbios_gates_GateMutex_destruct                                       
1001c29d  ti_sysbios_BIOS_RtsGateProxy_query__E                                     
1001c29d  ti_sysbios_gates_GateMutex_query__E                                       
1001c29d  ti_sysbios_heaps_HeapMem_Module_GateProxy_query__E                        
1001c2a1  ti_sysbios_hal_Hwi_HwiProxy_delete                                        
1001c2a5  ti_sysbios_hal_Hwi_delete                                                 
1001c2a9  ti_sysbios_heaps_HeapMem_Module_GateProxy_enter__E                        
1001c2ad  ti_sysbios_heaps_HeapMem_Module_GateProxy_leave__E                        
1001c2b1  ti_sysbios_knl_Clock_TimerProxy_getExpiredTicks__E                        
1001c2b5  ti_sysbios_knl_Clock_TimerProxy_getPeriod__E                              
1001c2b9  ti_sysbios_knl_Clock_delete                                               
1001c2bd  ti_sysbios_knl_Clock_destruct                                             
1001c2c1  ti_sysbios_knl_Clock_removeI__E                                           
1001c2c5  ti_sysbios_knl_Clock_setTimeout__E                                        
1001c2c9  ti_sysbios_knl_Mailbox_delete                                             
1001c2cd  ti_sysbios_knl_Mailbox_destruct                                           
1001c2d1  ti_sysbios_knl_Queue_delete                                               
1001c2d5  ti_sysbios_knl_Queue_destruct                                             
1001c2d9  ti_sysbios_knl_Queue_head__E                                              
1001c2dd  ti_sysbios_knl_Queue_next__E                                              
1001c2e1  ti_sysbios_knl_Semaphore_delete                                           
1001c2e5  ti_sysbios_knl_Semaphore_destruct                                         
1001c2e9  ti_sysbios_knl_Swi_delete                                                 
1001c2ed  ti_sysbios_knl_Swi_destruct                                               
1001c2f1  ti_sysbios_knl_Swi_postInit__I                                            
1001c2f5  ti_sysbios_knl_Task_delete                                                
1001c2f9  ti_sysbios_knl_Task_destruct                                              
1001c2fd  ti_sysbios_knl_Task_startup__E                                            
1001c301  xdc_runtime_Startup_startMods__I                                          
1001c3f9  xdc_runtime_Core_createObject__I                                          
1001c479  xdc_runtime_Memory_alloc__E                                               
1001c4e5  xdc_runtime_Core_deleteObject__I                                          
1001c543  xdc_runtime_Error_policySpin__E                                           
1001c545  xdc_runtime_Startup_exec__E                                               
1001c595  xdc_runtime_Assert_raise__I                                               
1001c5dd  xdc_runtime_Core_assignParams__I                                          
1001c625  xdc_runtime_Core_constructObject__I                                       
1001c66d  xdc_runtime_System_atexit__E                                              
1001c6a5  xdc_runtime_Core_assignLabel__I                                           
1001c6d9  xdc_runtime_System_processAtExit__E                                       
1001c70d  xdc_runtime_Text_cordText__E                                              
1001c739  xdc_runtime_System_abort__E                                               
1001c759  xdc_runtime_Error_raiseX__E                                               
1001c775  xdc_runtime_Memory_valloc__E                                              
1001c791  xdc_runtime_Core_destructObject__I                                        
1001c7a9  xdc_runtime_Error_check__E                                                
1001c7c1  xdc_runtime_System_exit__E                                                
1001c7d9  xdc_runtime_Text_ropeText__E                                              
1001c7f1  xdc_runtime_Memory_free__E                                                
1001c801  xdc_runtime_SysCallback_abort__E                                          
1001c811  xdc_runtime_SysCallback_exit__E                                           
1001c821  xdc_runtime_Timestamp_SupportProxy_get32__E                               
1001c821  xdc_runtime_Timestamp_get32__E                                            
1001c831  xdc_runtime_Error_init__E                                                 
1001c83d  xdc_runtime_Memory_calloc__E                                              
1001c849  xdc_runtime_Memory_getMaxDefaultTypeAlign__E                              
1001c855  xdc_runtime_Memory_HeapProxy_alloc__E                                     
1001c85f  xdc_runtime_Memory_HeapProxy_free__E                                      
1001c869  xdc_runtime_Gate_leaveSystem__E                                           
1001c86f  xdc_runtime_System_Module_startup__E                                      
1001c875  xdc_runtime_Gate_enterSystem__E                                           
1001c879  xdc_runtime_System_Module_GateProxy_enter__E                              
1001c87d  xdc_runtime_System_Module_GateProxy_leave__E                              
1001c881  xdc_runtime_System_abortSpin__E                                           
1001c883  xdc_runtime_System_exitSpin__E                                            
1001c885  ti_sysbios_family_arm_m3_Hwi_dispatch__I                                  
1001c955  ti_sysbios_family_arm_m3_TaskSupport_buildTaskStack                       
1001c9a1  ti_sysbios_family_arm_m3_Hwi_initStacks__E                                
1001c9e9  ti_sysbios_family_arm_m3_Hwi_excHandlerAsm__I                             
1001ca09  ti_sysbios_family_xxx_Hwi_switchAndRunFunc                                
1001ca27  ti_sysbios_family_arm_m3_Hwi_pendSV__I                                    
1001ca3f  ti_sysbios_family_arm_m3_Hwi_return                                       
1001ca41  ti_sysbios_family_arm_m3_TaskSupport_glue                                 
1001ca51  ti_sysbios_family_arm_m3_TaskSupport_swap__E                              
1001ca51  ti_sysbios_knl_Task_SupportProxy_swap__E                                  
1001ca59  ti_sysbios_knl_Task_swapReturn                                            
1001ca61  memcpy                                                                    
1001ca79  memset                                                                    
1001ca8f  ti_sysbios_rom_cortexm_cc13xx_CC13xx_getRevision__E                       
20000000  ti_sysbios_family_arm_m3_Hwi_ramVectors                                   
20000100  ti_sysbios_knl_Task_Module__state__V                                      
20000144  ti_sysbios_family_arm_m3_Hwi_Module__state__V                             
20000178  ti_sysbios_knl_Clock_Module__state__V                                     
200001a4  ti_sysbios_BIOS_Module__state__V                                          
200001c8  ti_sysbios_knl_Swi_Module__state__V                                       
200001e4  ti_sysbios_family_arm_cc26xx_Timer_Module__state__V                       
200001ec  ti_sysbios_family_arm_cc26xx_TimestampProvider_Module__state__V           
200001f0  xdc_runtime_Startup_Module__state__V                                      
200001f8  xdc_runtime_System_Module__state__V                                       
20000200  xdc_runtime_Memory_Module__state__V                                       
20000600  ti_sysbios_knl_Task_Instance_State_0_stack__A                             
20000e00  ti_sysbios_family_arm_m3_Hwi_dispatchTable                                
20000ee0  ti_sysbios_heaps_HeapMem_Instance_State_0_buf__A                          
20000f20  ti_sysbios_family_arm_cc26xx_Timer_Module__root__V                        
20000f28  ti_sysbios_family_arm_m3_Hwi_Module__root__V                              
20000f30  ti_sysbios_family_arm_m3_Hwi_Object__table__V                             
20000f48  ti_sysbios_family_arm_m3_Hwi_Module_State_0_excActive__A                  
20000f4c  ti_sysbios_family_arm_m3_Hwi_Module_State_0_excContext__A                 
20000f50  ti_sysbios_family_arm_m3_Hwi_Module_State_0_excStack__A                   
20000f54  ti_sysbios_gates_GateHwi_Module__root__V                                  
20000f5c  ti_sysbios_gates_GateHwi_Object__table__V                                 
20000f60  ti_sysbios_gates_GateMutex_Module__root__V                                
20000f68  ti_sysbios_hal_Hwi_Module__root__V                                        
20000f70  ti_sysbios_heaps_HeapMem_Module__root__V                                  
20000f78  ti_sysbios_heaps_HeapMem_Object__table__V                                 
20000f90  ti_sysbios_knl_Clock_Module__root__V                                      
20000f98  ti_sysbios_knl_Clock_Object__table__V                                     
20000fb8  ti_sysbios_knl_Event_Module__root__V                                      
20000fc0  ti_sysbios_knl_Mailbox_Module__root__V                                    
20000fc8  ti_sysbios_knl_Queue_Module__root__V                                      
20000fd0  ti_sysbios_knl_Semaphore_Module__root__V                                  
20000fd8  ti_sysbios_knl_Swi_Module__root__V                                        
20000fe0  ti_sysbios_knl_Task_Module__root__V                                       
20000fe8  ti_sysbios_knl_Task_Module_State_0_idleTask__A                            
20000fec  xdc_runtime_System_Module_State_0_atexitHandlers__A                       
2000100c  __xdc__init__addr                                                         
20001010  ti_sysbios_knl_Swi_Module_State_0_readyQ__A                               
20001090  ti_sysbios_knl_Task_Module_State_0_readyQ__A                              
20001110  ti_sysbios_knl_Task_Object__table__V                                      
2000115c  main_func_sp                                                              
20001160  ti_sysbios_family_arm_cc26xx_Timer_Object__table__V                       
200011a8  ti_sysbios_gates_GateMutex_Object__table__V                               
200011e0  ti_sysbios_knl_Swi_Object__table__V                                       
20001210  _lock                                                                     
20001214  _unlock                                                                   
20001218  __TI_cleanup_ptr                                                          
2000121c  __TI_dtors_ptr                                                            
20004000  __stack                                                                   
20005000  __STACK_END                                                               
20005000  __STACK_TOP                                                               
e000e000  ti_sysbios_family_arm_m3_Hwi_nvic                                         
ffffffff  __binit__                                                                 
ffffffff  __c_args__                                                                
ffffffff  binit                                                                     
UNDEFED   SHT$$INIT_ARRAY$$Base                                                     
UNDEFED   SHT$$INIT_ARRAY$$Limit                                                    
UNDEFED   __TI_CINIT_Base                                                           
UNDEFED   __TI_CINIT_Limit                                                          
UNDEFED   __TI_Handler_Table_Base                                                   
UNDEFED   __TI_Handler_Table_Limit                                                  

[560 symbols]
